Component: ARM Compiler 5.06 update 6 (build 750) Tool: armlink [4d35ed]

==============================================================================

Section Cross References

    startup_stm32f407xx.o(RESET) refers to startup_stm32f407xx.o(STACK) for __initial_sp
    startup_stm32f407xx.o(RESET) refers to startup_stm32f407xx.o(.text) for Reset_Handler
    startup_stm32f407xx.o(RESET) refers to stm32f4xx_it.o(i.NMI_Handler) for NMI_Handler
    startup_stm32f407xx.o(RESET) refers to stm32f4xx_it.o(i.HardFault_Handler) for HardFault_Handler
    startup_stm32f407xx.o(RESET) refers to stm32f4xx_it.o(i.MemManage_Handler) for MemManage_Handler
    startup_stm32f407xx.o(RESET) refers to stm32f4xx_it.o(i.BusFault_Handler) for BusFault_Handler
    startup_stm32f407xx.o(RESET) refers to stm32f4xx_it.o(i.UsageFault_Handler) for UsageFault_Handler
    startup_stm32f407xx.o(RESET) refers to stm32f4xx_it.o(i.SVC_Handler) for SVC_Handler
    startup_stm32f407xx.o(RESET) refers to stm32f4xx_it.o(i.DebugMon_Handler) for DebugMon_Handler
    startup_stm32f407xx.o(RESET) refers to stm32f4xx_it.o(i.PendSV_Handler) for PendSV_Handler
    startup_stm32f407xx.o(RESET) refers to stm32f4xx_it.o(i.SysTick_Handler) for SysTick_Handler
    startup_stm32f407xx.o(.text) refers to system_stm32f4xx.o(i.SystemInit) for SystemInit
    startup_stm32f407xx.o(.text) refers to entry.o(.ARM.Collect$$$$00000000) for __main
    fatfs_sd.o(i.DESELECT) refers to stm32f4xx_hal_gpio.o(i.HAL_GPIO_WritePin) for HAL_GPIO_WritePin
    fatfs_sd.o(i.SD_PowerOn) refers to fatfs_sd.o(i.DESELECT) for DESELECT
    fatfs_sd.o(i.SD_PowerOn) refers to fatfs_sd.o(i.SPI_TxByte) for SPI_TxByte
    fatfs_sd.o(i.SD_PowerOn) refers to fatfs_sd.o(i.SELECT) for SELECT
    fatfs_sd.o(i.SD_PowerOn) refers to fatfs_sd.o(i.SPI_RxByte) for SPI_RxByte
    fatfs_sd.o(i.SD_PowerOn) refers to fatfs_sd.o(.data) for .data
    fatfs_sd.o(i.SD_ReadyWait) refers to fatfs_sd.o(i.SPI_RxByte) for SPI_RxByte
    fatfs_sd.o(i.SD_ReadyWait) refers to stm32f4xx_it.o(.data) for Timer2
    fatfs_sd.o(i.SD_RxDataBlock) refers to fatfs_sd.o(i.SPI_RxByte) for SPI_RxByte
    fatfs_sd.o(i.SD_RxDataBlock) refers to stm32f4xx_it.o(.data) for Timer1
    fatfs_sd.o(i.SD_SendCmd) refers to fatfs_sd.o(i.SD_ReadyWait) for SD_ReadyWait
    fatfs_sd.o(i.SD_SendCmd) refers to fatfs_sd.o(i.SPI_TxByte) for SPI_TxByte
    fatfs_sd.o(i.SD_SendCmd) refers to fatfs_sd.o(i.SPI_RxByte) for SPI_RxByte
    fatfs_sd.o(i.SD_TxDataBlock) refers to fatfs_sd.o(i.SD_ReadyWait) for SD_ReadyWait
    fatfs_sd.o(i.SD_TxDataBlock) refers to fatfs_sd.o(i.SPI_TxByte) for SPI_TxByte
    fatfs_sd.o(i.SD_TxDataBlock) refers to fatfs_sd.o(i.SPI_RxByte) for SPI_RxByte
    fatfs_sd.o(i.SD_disk_initialize) refers to fatfs_sd.o(i.SD_PowerOn) for SD_PowerOn
    fatfs_sd.o(i.SD_disk_initialize) refers to fatfs_sd.o(i.SELECT) for SELECT
    fatfs_sd.o(i.SD_disk_initialize) refers to fatfs_sd.o(i.SD_SendCmd) for SD_SendCmd
    fatfs_sd.o(i.SD_disk_initialize) refers to fatfs_sd.o(i.SPI_RxByte) for SPI_RxByte
    fatfs_sd.o(i.SD_disk_initialize) refers to fatfs_sd.o(i.DESELECT) for DESELECT
    fatfs_sd.o(i.SD_disk_initialize) refers to fatfs_sd.o(.data) for .data
    fatfs_sd.o(i.SD_disk_initialize) refers to stm32f4xx_it.o(.data) for Timer1
    fatfs_sd.o(i.SD_disk_ioctl) refers to fatfs_sd.o(i.SD_PowerOn) for SD_PowerOn
    fatfs_sd.o(i.SD_disk_ioctl) refers to fatfs_sd.o(i.SELECT) for SELECT
    fatfs_sd.o(i.SD_disk_ioctl) refers to fatfs_sd.o(i.SD_SendCmd) for SD_SendCmd
    fatfs_sd.o(i.SD_disk_ioctl) refers to fatfs_sd.o(i.SD_RxDataBlock) for SD_RxDataBlock
    fatfs_sd.o(i.SD_disk_ioctl) refers to fatfs_sd.o(i.SD_ReadyWait) for SD_ReadyWait
    fatfs_sd.o(i.SD_disk_ioctl) refers to fatfs_sd.o(i.SPI_RxByte) for SPI_RxByte
    fatfs_sd.o(i.SD_disk_ioctl) refers to fatfs_sd.o(i.DESELECT) for DESELECT
    fatfs_sd.o(i.SD_disk_ioctl) refers to fatfs_sd.o(.data) for .data
    fatfs_sd.o(i.SD_disk_read) refers to fatfs_sd.o(i.SELECT) for SELECT
    fatfs_sd.o(i.SD_disk_read) refers to fatfs_sd.o(i.SD_SendCmd) for SD_SendCmd
    fatfs_sd.o(i.SD_disk_read) refers to fatfs_sd.o(i.SD_RxDataBlock) for SD_RxDataBlock
    fatfs_sd.o(i.SD_disk_read) refers to fatfs_sd.o(i.DESELECT) for DESELECT
    fatfs_sd.o(i.SD_disk_read) refers to fatfs_sd.o(i.SPI_RxByte) for SPI_RxByte
    fatfs_sd.o(i.SD_disk_read) refers to fatfs_sd.o(.data) for .data
    fatfs_sd.o(i.SD_disk_status) refers to fatfs_sd.o(.data) for .data
    fatfs_sd.o(i.SD_disk_write) refers to fatfs_sd.o(i.SELECT) for SELECT
    fatfs_sd.o(i.SD_disk_write) refers to fatfs_sd.o(i.SD_SendCmd) for SD_SendCmd
    fatfs_sd.o(i.SD_disk_write) refers to fatfs_sd.o(i.SD_TxDataBlock) for SD_TxDataBlock
    fatfs_sd.o(i.SD_disk_write) refers to fatfs_sd.o(i.DESELECT) for DESELECT
    fatfs_sd.o(i.SD_disk_write) refers to fatfs_sd.o(i.SPI_RxByte) for SPI_RxByte
    fatfs_sd.o(i.SD_disk_write) refers to fatfs_sd.o(.data) for .data
[...]
    Removing stm32f4xx_hal_rcc_ex.o(i.HAL_RCCEx_PeriphCLKConfig), (316 bytes).
    Removing stm32f4xx_hal_rcc_ex.o(i.HAL_RCC_DeInit), (304 bytes).
    Removing stm32f4xx_hal_flash.o(.rev16_text), (4 bytes).
    Removing stm32f4xx_hal_flash.o(.revsh_text), (4 bytes).
    Removing stm32f4xx_hal_flash.o(.rrx_text), (6 bytes).
    Removing stm32f4xx_hal_flash.o(i.FLASH_Program_Byte), (32 bytes).
    Removing stm32f4xx_hal_flash.o(i.FLASH_Program_DoubleWord), (40 bytes).
    Removing stm32f4xx_hal_flash.o(i.FLASH_Program_HalfWord), (36 bytes).
    Removing stm32f4xx_hal_flash.o(i.FLASH_Program_Word), (36 bytes).
    Removing stm32f4xx_hal_flash.o(i.FLASH_SetErrorCode), (104 bytes).
    Removing stm32f4xx_hal_flash.o(i.FLASH_WaitForLastOperation), (80 bytes).
    Removing stm32f4xx_hal_flash.o(i.HAL_FLASH_EndOfOperationCallback), (2 bytes).
    Removing stm32f4xx_hal_flash.o(i.HAL_FLASH_GetError), (12 bytes).
    Removing stm32f4xx_hal_flash.o(i.HAL_FLASH_IRQHandler), (204 bytes).
    Removing stm32f4xx_hal_flash.o(i.HAL_FLASH_Lock), (20 bytes).
    Removing stm32f4xx_hal_flash.o(i.HAL_FLASH_OB_Launch), (24 bytes).
    Removing stm32f4xx_hal_flash.o(i.HAL_FLASH_OB_Lock), (20 bytes).
    Removing stm32f4xx_hal_flash.o(i.HAL_FLASH_OB_Unlock), (40 bytes).
    Removing stm32f4xx_hal_flash.o(i.HAL_FLASH_OperationErrorCallback), (2 bytes).
    Removing stm32f4xx_hal_flash.o(i.HAL_FLASH_Program), (124 bytes).
    Removing stm32f4xx_hal_flash.o(i.HAL_FLASH_Program_IT), (108 bytes).
    Removing stm32f4xx_hal_flash.o(i.HAL_FLASH_Unlock), (44 bytes).
    Removing stm32f4xx_hal_flash.o(.bss), (32 bytes).
    Removing stm32f4xx_hal_flash_ex.o(.rev16_text), (4 bytes).
    Removing stm32f4xx_hal_flash_ex.o(.revsh_text), (4 bytes).
    Removing stm32f4xx_hal_flash_ex.o(.rrx_text), (6 bytes).
    Removing stm32f4xx_hal_flash_ex.o(i.FLASH_Erase_Sector), (80 bytes).
    Removing stm32f4xx_hal_flash_ex.o(i.FLASH_FlushCaches), (84 bytes).
    Removing stm32f4xx_hal_flash_ex.o(i.FLASH_MassErase), (40 bytes).
    Removing stm32f4xx_hal_flash_ex.o(i.HAL_FLASHEx_Erase), (152 bytes).
    Removing stm32f4xx_hal_flash_ex.o(i.HAL_FLASHEx_Erase_IT), (104 bytes).
    Removing stm32f4xx_hal_flash_ex.o(i.HAL_FLASHEx_OBGetConfig), (64 bytes).
    Removing stm32f4xx_hal_flash_ex.o(i.HAL_FLASHEx_OBProgram), (204 bytes).
    Removing stm32f4xx_hal_flash_ramfunc.o(.rev16_text), (4 bytes).
    Removing stm32f4xx_hal_flash_ramfunc.o(.revsh_text), (4 bytes).
    Removing stm32f4xx_hal_flash_ramfunc.o(.rrx_text), (6 bytes).
    Removing stm32f4xx_hal_gpio.o(.rev16_text), (4 bytes).
    Removing stm32f4xx_hal_gpio.o(.revsh_text), (4 bytes).
    Removing stm32f4xx_hal_gpio.o(.rrx_text), (6 bytes).
    Removing stm32f4xx_hal_gpio.o(i.HAL_GPIO_DeInit), (332 bytes).
    Removing stm32f4xx_hal_gpio.o(i.HAL_GPIO_EXTI_Callback), (2 bytes).
    Removing stm32f4xx_hal_gpio.o(i.HAL_GPIO_EXTI_IRQHandler), (24 bytes).
    Removing stm32f4xx_hal_gpio.o(i.HAL_GPIO_LockPin), (34 bytes).
    Removing stm32f4xx_hal_gpio.o(i.HAL_GPIO_ReadPin), (10 bytes).
    Removing stm32f4xx_hal_gpio.o(i.HAL_GPIO_TogglePin), (14 bytes).
    Removing stm32f4xx_hal_dma_ex.o(.rev16_text), (4 bytes).
    Removing stm32f4xx_hal_dma_ex.o(.revsh_text), (4 bytes).
    Removing stm32f4xx_hal_dma_ex.o(.rrx_text), (6 bytes).
    Removing stm32f4xx_hal_dma_ex.o(i.DMA_MultiBufferSetConfig), (30 bytes).
    Removing stm32f4xx_hal_dma_ex.o(i.HAL_DMAEx_ChangeMemory), (14 bytes).
    Removing stm32f4xx_hal_dma_ex.o(i.HAL_DMAEx_MultiBufferStart), (100 bytes).
    Removing stm32f4xx_hal_dma_ex.o(i.HAL_DMAEx_MultiBufferStart_IT), (2432 bytes).
    Removing stm32f4xx_hal_dma.o(.rev16_text), (4 bytes).
    Removing stm32f4xx_hal_dma.o(.revsh_text), (4 bytes).
    Removing stm32f4xx_hal_dma.o(.rrx_text), (6 bytes).
    Removing stm32f4xx_hal_dma.o(i.DMA_CalcBaseAndBitshift), (40 bytes).
    Removing stm32f4xx_hal_dma.o(i.DMA_CheckFifoParam), (84 bytes).
    Removing stm32f4xx_hal_dma.o(i.DMA_SetConfig), (40 bytes).
    Removing stm32f4xx_hal_dma.o(i.HAL_DMA_Abort), (142 bytes).
    Removing stm32f4xx_hal_dma.o(i.HAL_DMA_Abort_IT), (36 bytes).
    Removing stm32f4xx_hal_dma.o(i.HAL_DMA_DeInit), (98 bytes).
    Removing stm32f4xx_hal_dma.o(i.HAL_DMA_GetError), (4 bytes).
    Removing stm32f4xx_hal_dma.o(i.HAL_DMA_GetState), (6 bytes).
    Removing stm32f4xx_hal_dma.o(i.HAL_DMA_IRQHandler), (416 bytes).
    Removing stm32f4xx_hal_dma.o(i.HAL_DMA_Init), (212 bytes).
    Removing stm32f4xx_hal_dma.o(i.HAL_DMA_PollForTransfer), (292 bytes).
    Removing stm32f4xx_hal_dma.o(i.HAL_DMA_RegisterCallback), (80 bytes).
    Removing stm32f4xx_hal_dma.o(i.HAL_DMA_Start), (70 bytes).
    Removing stm32f4xx_hal_dma.o(i.HAL_DMA_Start_IT), (120 bytes).
    Removing stm32f4xx_hal_dma.o(i.HAL_DMA_UnRegisterCallback), (96 bytes).
    Removing stm32f4xx_hal_dma.o(.constdata), (8 bytes).
    Removing stm32f4xx_hal_pwr.o(.rev16_text), (4 bytes).
    Removing stm32f4xx_hal_pwr.o(.revsh_text), (4 bytes).
    Removing stm32f4xx_hal_pwr.o(.rrx_text), (6 bytes).
    Removing stm32f4xx_hal_pwr.o(i.HAL_PWR_ConfigPVD), (124 bytes).
    Removing stm32f4xx_hal_pwr.o(i.HAL_PWR_DeInit), (24 bytes).
    Removing stm32f4xx_hal_pwr.o(i.HAL_PWR_DisableBkUpAccess), (12 bytes).
    Removing stm32f4xx_hal_pwr.o(i.HAL_PWR_DisablePVD), (12 bytes).
    Removing stm32f4xx_hal_pwr.o(i.HAL_PWR_DisableSEVOnPend), (16 bytes).
    Removing stm32f4xx_hal_pwr.o(i.HAL_PWR_DisableSleepOnExit), (16 bytes).
    Removing stm32f4xx_hal_pwr.o(i.HAL_PWR_DisableWakeUpPin), (16 bytes).
    Removing stm32f4xx_hal_pwr.o(i.HAL_PWR_EnableBkUpAccess), (12 bytes).
    Removing stm32f4xx_hal_pwr.o(i.HAL_PWR_EnablePVD), (12 bytes).
    Removing stm32f4xx_hal_pwr.o(i.HAL_PWR_EnableSEVOnPend), (16 bytes).
    Removing stm32f4xx_hal_pwr.o(i.HAL_PWR_EnableSleepOnExit), (16 bytes).
    Removing stm32f4xx_hal_pwr.o(i.HAL_PWR_EnableWakeUpPin), (16 bytes).
    Removing stm32f4xx_hal_pwr.o(i.HAL_PWR_EnterSLEEPMode), (32 bytes).
    Removing stm32f4xx_hal_pwr.o(i.HAL_PWR_EnterSTANDBYMode), (32 bytes).
    Removing stm32f4xx_hal_pwr.o(i.HAL_PWR_EnterSTOPMode), (56 bytes).
    Removing stm32f4xx_hal_pwr.o(i.HAL_PWR_PVDCallback), (2 bytes).
    Removing stm32f4xx_hal_pwr.o(i.HAL_PWR_PVD_IRQHandler), (28 bytes).
    Removing stm32f4xx_hal_pwr_ex.o(.rev16_text), (4 bytes).
    Removing stm32f4xx_hal_pwr_ex.o(.revsh_text), (4 bytes).
    Removing stm32f4xx_hal_pwr_ex.o(.rrx_text), (6 bytes).
    Removing stm32f4xx_hal_pwr_ex.o(i.HAL_PWREx_ControlVoltageScaling), (88 bytes).
    Removing stm32f4xx_hal_pwr_ex.o(i.HAL_PWREx_DisableBkUpReg), (60 bytes).
    Removing stm32f4xx_hal_pwr_ex.o(i.HAL_PWREx_DisableFlashPowerDown), (12 bytes).
    Removing stm32f4xx_hal_pwr_ex.o(i.HAL_PWREx_EnableBkUpReg), (60 bytes).
    Removing stm32f4xx_hal_pwr_ex.o(i.HAL_PWREx_EnableFlashPowerDown), (12 bytes).
    Removing stm32f4xx_hal_pwr_ex.o(i.HAL_PWREx_GetVoltageRange), (16 bytes).
    Removing stm32f4xx_hal_cortex.o(.rev16_text), (4 bytes).
    Removing stm32f4xx_hal_cortex.o(.revsh_text), (4 bytes).
    Removing stm32f4xx_hal_cortex.o(.rrx_text), (6 bytes).
    Removing stm32f4xx_hal_cortex.o(i.HAL_MPU_ConfigRegion), (84 bytes).
    Removing stm32f4xx_hal_cortex.o(i.HAL_MPU_Disable), (28 bytes).
    Removing stm32f4xx_hal_cortex.o(i.HAL_MPU_Enable), (36 bytes).
    Removing stm32f4xx_hal_cortex.o(i.HAL_NVIC_ClearPendingIRQ), (26 bytes).
    Removing stm32f4xx_hal_cortex.o(i.HAL_NVIC_DisableIRQ), (34 bytes).
    Removing stm32f4xx_hal_cortex.o(i.HAL_NVIC_EnableIRQ), (26 bytes).
    Removing stm32f4xx_hal_cortex.o(i.HAL_NVIC_GetActive), (36 bytes).
    Removing stm32f4xx_hal_cortex.o(i.HAL_NVIC_GetPendingIRQ), (36 bytes).
    Removing stm32f4xx_hal_cortex.o(i.HAL_NVIC_GetPriority), (82 bytes).
    Removing stm32f4xx_hal_cortex.o(i.HAL_NVIC_GetPriorityGrouping), (16 bytes).
    Removing stm32f4xx_hal_cortex.o(i.HAL_NVIC_SetPendingIRQ), (26 bytes).
    Removing stm32f4xx_hal_cortex.o(i.HAL_NVIC_SystemReset), (36 bytes).
    Removing stm32f4xx_hal_cortex.o(i.HAL_SYSTICK_CLKSourceConfig), (24 bytes).
    Removing stm32f4xx_hal_cortex.o(i.HAL_SYSTICK_Callback), (2 bytes).
    Removing stm32f4xx_hal_cortex.o(i.HAL_SYSTICK_IRQHandler), (8 bytes).
    Removing stm32f4xx_hal.o(.rev16_text), (4 bytes).
    Removing stm32f4xx_hal.o(.revsh_text), (4 bytes).
    Removing stm32f4xx_hal.o(.rrx_text), (6 bytes).
    Removing stm32f4xx_hal.o(i.HAL_DBGMCU_DisableDBGSleepMode), (16 bytes).
    Removing stm32f4xx_hal.o(i.HAL_DBGMCU_DisableDBGStandbyMode), (16 bytes).
    Removing stm32f4xx_hal.o(i.HAL_DBGMCU_DisableDBGStopMode), (16 bytes).
    Removing stm32f4xx_hal.o(i.HAL_DBGMCU_EnableDBGSleepMode), (16 bytes).
    Removing stm32f4xx_hal.o(i.HAL_DBGMCU_EnableDBGStandbyMode), (16 bytes).
    Removing stm32f4xx_hal.o(i.HAL_DBGMCU_EnableDBGStopMode), (16 bytes).
    Removing stm32f4xx_hal.o(i.HAL_DeInit), (52 bytes).
    Removing stm32f4xx_hal.o(i.HAL_DisableCompensationCell), (12 bytes).
    Removing stm32f4xx_hal.o(i.HAL_EnableCompensationCell), (12 bytes).
    Removing stm32f4xx_hal.o(i.HAL_GetDEVID), (16 bytes).
    Removing stm32f4xx_hal.o(i.HAL_GetHalVersion), (8 bytes).
    Removing stm32f4xx_hal.o(i.HAL_GetREVID), (12 bytes).
    Removing stm32f4xx_hal.o(i.HAL_GetTickFreq), (12 bytes).
    Removing stm32f4xx_hal.o(i.HAL_GetTickPrio), (12 bytes).
    Removing stm32f4xx_hal.o(i.HAL_GetUIDw0), (12 bytes).
    Removing stm32f4xx_hal.o(i.HAL_GetUIDw1), (12 bytes).
    Removing stm32f4xx_hal.o(i.HAL_GetUIDw2), (12 bytes).
    Removing stm32f4xx_hal.o(i.HAL_MspDeInit), (2 bytes).
    Removing stm32f4xx_hal.o(i.HAL_MspInit), (2 bytes).
    Removing stm32f4xx_hal.o(i.HAL_ResumeTick), (14 bytes).
    Removing stm32f4xx_hal.o(i.HAL_SetTickFreq), (28 bytes).
    Removing stm32f4xx_hal.o(i.HAL_SuspendTick), (14 bytes).
    Removing stm32f4xx_hal_exti.o(.rev16_text), (4 bytes).
    Removing stm32f4xx_hal_exti.o(.revsh_text), (4 bytes).
    Removing stm32f4xx_hal_exti.o(.rrx_text), (6 bytes).
    Removing stm32f4xx_hal_exti.o(i.HAL_EXTI_ClearConfigLine), (56 bytes).
    Removing stm32f4xx_hal_exti.o(i.HAL_EXTI_ClearPending), (12 bytes).
    Removing stm32f4xx_hal_exti.o(i.HAL_EXTI_GenerateSWI), (12 bytes).
    Removing stm32f4xx_hal_exti.o(i.HAL_EXTI_GetConfigLine), (108 bytes).
    Removing stm32f4xx_hal_exti.o(i.HAL_EXTI_GetHandle), (12 bytes).
    Removing stm32f4xx_hal_exti.o(i.HAL_EXTI_GetPending), (28 bytes).
    Removing stm32f4xx_hal_exti.o(i.HAL_EXTI_IRQHandler), (28 bytes).
    Removing stm32f4xx_hal_exti.o(i.HAL_EXTI_RegisterCallback), (14 bytes).
    Removing stm32f4xx_hal_exti.o(i.HAL_EXTI_SetConfigLine), (112 bytes).
    Removing stm32f4xx_hal_spi.o(.rev16_text), (4 bytes).
    Removing stm32f4xx_hal_spi.o(.revsh_text), (4 bytes).
    Removing stm32f4xx_hal_spi.o(.rrx_text), (6 bytes).
    Removing stm32f4xx_hal_spi.o(i.HAL_SPI_Abort), (292 bytes).
    Removing stm32f4xx_hal_spi.o(i.HAL_SPI_AbortCpltCallback), (2 bytes).
    Removing stm32f4xx_hal_spi.o(i.HAL_SPI_Abort_IT), (292 bytes).
    Removing stm32f4xx_hal_spi.o(i.HAL_SPI_DMAPause), (38 bytes).
    Removing stm32f4xx_hal_spi.o(i.HAL_SPI_DMAResume), (38 bytes).
    Removing stm32f4xx_hal_spi.o(i.HAL_SPI_DMAStop), (66 bytes).
    Removing stm32f4xx_hal_spi.o(i.HAL_SPI_DeInit), (46 bytes).
    Removing stm32f4xx_hal_spi.o(i.HAL_SPI_ErrorCallback), (2 bytes).
    Removing stm32f4xx_hal_spi.o(i.HAL_SPI_GetError), (4 bytes).
    Removing stm32f4xx_hal_spi.o(i.HAL_SPI_IRQHandler), (252 bytes).
    Removing stm32f4xx_hal_spi.o(i.HAL_SPI_MspDeInit), (2 bytes).
    Removing stm32f4xx_hal_spi.o(i.HAL_SPI_MspInit), (2 bytes).
    Removing stm32f4xx_hal_spi.o(i.HAL_SPI_Receive), (336 bytes).
    Removing stm32f4xx_hal_spi.o(i.HAL_SPI_Receive_DMA), (232 bytes).
    Removing stm32f4xx_hal_spi.o(i.HAL_SPI_Receive_IT), (164 bytes).
    Removing stm32f4xx_hal_spi.o(i.HAL_SPI_RxCpltCallback), (2 bytes).
    Removing stm32f4xx_hal_spi.o(i.HAL_SPI_RxHalfCpltCallback), (2 bytes).
    Removing stm32f4xx_hal_spi.o(i.HAL_SPI_TransmitReceive_DMA), (292 bytes).
    Removing stm32f4xx_hal_spi.o(i.HAL_SPI_TransmitReceive_IT), (164 bytes).
    Removing stm32f4xx_hal_spi.o(i.HAL_SPI_Transmit_DMA), (204 bytes).
    Removing stm32f4xx_hal_spi.o(i.HAL_SPI_Transmit_IT), (140 bytes).
    Removing stm32f4xx_hal_spi.o(i.HAL_SPI_TxCpltCallback), (2 bytes).
    Removing stm32f4xx_hal_spi.o(i.HAL_SPI_TxHalfCpltCallback), (2 bytes).
    Removing stm32f4xx_hal_spi.o(i.HAL_SPI_TxRxCpltCallback), (2 bytes).
    Removing stm32f4xx_hal_spi.o(i.HAL_SPI_TxRxHalfCpltCallback), (2 bytes).
    Removing stm32f4xx_hal_spi.o(i.SPI_2linesRxISR_16BIT), (48 bytes).
    Removing stm32f4xx_hal_spi.o(i.SPI_2linesRxISR_8BIT), (48 bytes).
    Removing stm32f4xx_hal_spi.o(i.SPI_2linesTxISR_16BIT), (48 bytes).
    Removing stm32f4xx_hal_spi.o(i.SPI_2linesTxISR_8BIT), (48 bytes).
    Removing stm32f4xx_hal_spi.o(i.SPI_AbortRx_ISR), (80 bytes).
    Removing stm32f4xx_hal_spi.o(i.SPI_AbortTx_ISR), (28 bytes).
    Removing stm32f4xx_hal_spi.o(i.SPI_CloseRxTx_ISR), (144 bytes).
    Removing stm32f4xx_hal_spi.o(i.SPI_CloseRx_ISR), (76 bytes).
    Removing stm32f4xx_hal_spi.o(i.SPI_CloseTx_ISR), (124 bytes).
    Removing stm32f4xx_hal_spi.o(i.SPI_DMAAbortOnError), (16 bytes).
    Removing stm32f4xx_hal_spi.o(i.SPI_DMAError), (34 bytes).
    Removing stm32f4xx_hal_spi.o(i.SPI_DMAHalfReceiveCplt), (10 bytes).
    Removing stm32f4xx_hal_spi.o(i.SPI_DMAHalfTransmitCplt), (10 bytes).
    Removing stm32f4xx_hal_spi.o(i.SPI_DMAHalfTransmitReceiveCplt), (10 bytes).
    Removing stm32f4xx_hal_spi.o(i.SPI_DMAReceiveCplt), (84 bytes).
    Removing stm32f4xx_hal_spi.o(i.SPI_DMARxAbortCallback), (102 bytes).
    Removing stm32f4xx_hal_spi.o(i.SPI_DMATransmitCplt), (100 bytes).
    Removing stm32f4xx_hal_spi.o(i.SPI_DMATransmitReceiveCplt), (90 bytes).
    Removing stm32f4xx_hal_spi.o(i.SPI_DMATxAbortCallback), (116 bytes).
    Removing stm32f4xx_hal_spi.o(i.SPI_EndRxTransaction), (66 bytes).
    Removing stm32f4xx_hal_spi.o(i.SPI_RxISR_16BIT), (32 bytes).
    Removing stm32f4xx_hal_spi.o(i.SPI_RxISR_8BIT), (32 bytes).
    Removing stm32f4xx_hal_spi.o(i.SPI_TxISR_16BIT), (32 bytes).
    Removing stm32f4xx_hal_spi.o(i.SPI_TxISR_8BIT), (32 bytes).
    Removing stm32f4xx_hal_tim.o(.rev16_text), (4 bytes).
    Removing stm32f4xx_hal_tim.o(.revsh_text), (4 bytes).
    Removing stm32f4xx_hal_tim.o(.rrx_text), (6 bytes).
    Removing stm32f4xx_hal_tim_ex.o(.rev16_text), (4 bytes).
    Removing stm32f4xx_hal_tim_ex.o(.revsh_text), (4 bytes).
    Removing stm32f4xx_hal_tim_ex.o(.rrx_text), (6 bytes).
    Removing stm32f4xx_hal_uart.o(.rev16_text), (4 bytes).
    Removing stm32f4xx_hal_uart.o(.revsh_text), (4 bytes).
    Removing stm32f4xx_hal_uart.o(.rrx_text), (6 bytes).
    Removing stm32f4xx_hal_uart.o(i.HAL_HalfDuplex_EnableReceiver), (50 bytes).
    Removing stm32f4xx_hal_uart.o(i.HAL_HalfDuplex_EnableTransmitter), (50 bytes).
    Removing stm32f4xx_hal_uart.o(i.HAL_HalfDuplex_Init), (108 bytes).
    Removing stm32f4xx_hal_uart.o(i.HAL_LIN_Init), (128 bytes).
    Removing stm32f4xx_hal_uart.o(i.HAL_LIN_SendBreak), (46 bytes).
    Removing stm32f4xx_hal_uart.o(i.HAL_MultiProcessor_EnterMuteMode), (46 bytes).
    Removing stm32f4xx_hal_uart.o(i.HAL_MultiProcessor_ExitMuteMode), (46 bytes).
    Removing stm32f4xx_hal_uart.o(i.HAL_MultiProcessor_Init), (142 bytes).
    Removing stm32f4xx_hal_uart.o(i.HAL_UART_Abort), (138 bytes).
    Removing stm32f4xx_hal_uart.o(i.HAL_UART_AbortCpltCallback), (2 bytes).
    Removing stm32f4xx_hal_uart.o(i.HAL_UART_AbortReceive), (88 bytes).
    Removing stm32f4xx_hal_uart.o(i.HAL_UART_AbortReceiveCpltCallback), (2 bytes).
    Removing stm32f4xx_hal_uart.o(i.HAL_UART_AbortReceive_IT), (92 bytes).
    Removing stm32f4xx_hal_uart.o(i.HAL_UART_AbortTransmit), (78 bytes).
    Removing stm32f4xx_hal_uart.o(i.HAL_UART_AbortTransmitCpltCallback), (2 bytes).
    Removing stm32f4xx_hal_uart.o(i.HAL_UART_AbortTransmit_IT), (84 bytes).
    Removing stm32f4xx_hal_uart.o(i.HAL_UART_Abort_IT), (172 bytes).
    Removing stm32f4xx_hal_uart.o(i.HAL_UART_DMAPause), (102 bytes).
    Removing stm32f4xx_hal_uart.o(i.HAL_UART_DMAResume), (94 bytes).
    Removing stm32f4xx_hal_uart.o(i.HAL_UART_DMAStop), (88 bytes).
    Removing stm32f4xx_hal_uart.o(i.HAL_UART_DeInit), (50 bytes).
    Removing stm32f4xx_hal_uart.o(i.HAL_UART_ErrorCallback), (2 bytes).
    Removing stm32f4xx_hal_uart.o(i.HAL_UART_GetError), (4 bytes).
    Removing stm32f4xx_hal_uart.o(i.HAL_UART_GetState), (10 bytes).
    Removing stm32f4xx_hal_uart.o(i.HAL_UART_IRQHandler), (272 bytes).
    Removing stm32f4xx_hal_uart.o(i.HAL_UART_MspDeInit), (2 bytes).
    Removing stm32f4xx_hal_uart.o(i.HAL_UART_MspInit), (2 bytes).
    Removing stm32f4xx_hal_uart.o(i.HAL_UART_Receive), (184 bytes).
    Removing stm32f4xx_hal_uart.o(i.HAL_UART_Receive_DMA), (152 bytes).
    Removing stm32f4xx_hal_uart.o(i.HAL_UART_Receive_IT), (82 bytes).
    Removing stm32f4xx_hal_uart.o(i.HAL_UART_RxCpltCallback), (2 bytes).
    Removing stm32f4xx_hal_uart.o(i.HAL_UART_RxHalfCpltCallback), (2 bytes).
    Removing stm32f4xx_hal_uart.o(i.HAL_UART_Transmit_DMA), (128 bytes).
    Removing stm32f4xx_hal_uart.o(i.HAL_UART_Transmit_IT), (62 bytes).
    Removing stm32f4xx_hal_uart.o(i.HAL_UART_TxCpltCallback), (2 bytes).
    Removing stm32f4xx_hal_uart.o(i.HAL_UART_TxHalfCpltCallback), (2 bytes).
    Removing stm32f4xx_hal_uart.o(i.UART_DMAAbortOnError), (16 bytes).
    Removing stm32f4xx_hal_uart.o(i.UART_DMAError), (74 bytes).
    Removing stm32f4xx_hal_uart.o(i.UART_DMAReceiveCplt), (60 bytes).
    Removing stm32f4xx_hal_uart.o(i.UART_DMARxAbortCallback), (42 bytes).
    Removing stm32f4xx_hal_uart.o(i.UART_DMARxHalfCplt), (10 bytes).
    Removing stm32f4xx_hal_uart.o(i.UART_DMARxOnlyAbortCallback), (20 bytes).
    Removing stm32f4xx_hal_uart.o(i.UART_DMATransmitCplt), (46 bytes).
    Removing stm32f4xx_hal_uart.o(i.UART_DMATxAbortCallback), (42 bytes).
    Removing stm32f4xx_hal_uart.o(i.UART_DMATxHalfCplt), (10 bytes).
    Removing stm32f4xx_hal_uart.o(i.UART_DMATxOnlyAbortCallback), (20 bytes).
    Removing stm32f4xx_hal_uart.o(i.UART_EndRxTransfer), (28 bytes).
    Removing stm32f4xx_hal_uart.o(i.UART_EndTxTransfer), (18 bytes).
    Removing stm32f4xx_hal_uart.o(i.UART_Receive_IT), (150 bytes).
    Removing stm32f4xx_hal_uart.o(i.UART_Transmit_IT), (98 bytes).
    Removing system_stm32f4xx.o(.rev16_text), (4 bytes).
    Removing system_stm32f4xx.o(.revsh_text), (4 bytes).
    Removing system_stm32f4xx.o(.rrx_text), (6 bytes).
    Removing system_stm32f4xx.o(i.SystemCoreClockUpdate), (124 bytes).
    Removing diskio.o(.rev16_text), (4 bytes).
    Removing diskio.o(.revsh_text), (4 bytes).
    Removing diskio.o(.rrx_text), (6 bytes).
    Removing diskio.o(i.get_fattime), (4 bytes).
    Removing ff.o(.rev16_text), (4 bytes).
    Removing ff.o(.revsh_text), (4 bytes).
    Removing ff.o(.rrx_text), (6 bytes).
    Removing ff.o(i.dir_read), (96 bytes).
    Removing ff.o(i.dir_remove), (30 bytes).
    Removing ff.o(i.f_closedir), (34 bytes).
    Removing ff.o(i.f_getfree), (212 bytes).
    Removing ff.o(i.f_gets), (72 bytes).
    Removing ff.o(i.f_lseek), (530 bytes).
    Removing ff.o(i.f_mkdir), (336 bytes).
    Removing ff.o(i.f_mkfs), (1356 bytes).
    Removing ff.o(i.f_opendir), (130 bytes).
    Removing ff.o(i.f_printf), (460 bytes).
    Removing ff.o(i.f_putc), (30 bytes).
    Removing ff.o(i.f_puts), (38 bytes).
    Removing ff.o(i.f_readdir), (64 bytes).
    Removing ff.o(i.f_rename), (258 bytes).
    Removing ff.o(i.f_stat), (60 bytes).
    Removing ff.o(i.f_truncate), (162 bytes).
    Removing ff.o(i.f_unlink), (158 bytes).
    Removing ff.o(i.get_fileinfo), (98 bytes).
    Removing ff.o(i.putc_bfd), (70 bytes).
    Removing ff.o(i.putc_flush), (42 bytes).
    Removing ff_gen_drv.o(.rev16_text), (4 bytes).
    Removing ff_gen_drv.o(.revsh_text), (4 bytes).
    Removing ff_gen_drv.o(.rrx_text), (6 bytes).
    Removing ff_gen_drv.o(i.FATFS_GetAttachedDriversNbr), (12 bytes).
    Removing ff_gen_drv.o(i.FATFS_UnLinkDriver), (6 bytes).
    Removing ff_gen_drv.o(i.FATFS_UnLinkDriverEx), (52 bytes).
    Removing syscall.o(.rev16_text), (4 bytes).
    Removing syscall.o(.revsh_text), (4 bytes).
    Removing syscall.o(.rrx_text), (6 bytes).

354 unused section(s) (total 23422 bytes) removed from the image.

==============================================================================

Image Symbol Table

    Local Symbols

    Symbol Name                              Value     Ov Type        Size  Object(Section)

    ../Drivers/STM32F4xx_HAL_Driver/Src/stm32f4xx_hal.c 0x00000000   Number         0  stm32f4xx_hal.o ABSOLUTE
    ../Drivers/STM32F4xx_HAL_Driver/Src/stm32f4xx_hal_cortex.c 0x00000000   Number         0  stm32f4xx_hal_cortex.o ABSOLUTE
    ../Drivers/STM32F4xx_HAL_Driver/Src/stm32f4xx_hal_dma.c 0x00000000   Number         0  stm32f4xx_hal_dma.o ABSOLUTE
    ../Drivers/STM32F4xx_HAL_Driver/Src/stm32f4xx_hal_dma_ex.c 0x00000000   Number         0  stm32f4xx_hal_dma_ex.o ABSOLUTE
    ../Drivers/STM32F4xx_HAL_Driver/Src/stm32f4xx_hal_exti.c 0x00000000   Number         0  stm32f4xx_hal_exti.o ABSOLUTE
    ../Drivers/STM32F4xx_HAL_Driver/Src/stm32f4xx_hal_flash.c 0x00000000   Number         0  stm32f4xx_hal_flash.o ABSOLUTE
    ../Drivers/STM32F4xx_HAL_Driver/Src/stm32f4xx_hal_flash_ex.c 0x00000000   Number         0  stm32f4xx_hal_flash_ex.o ABSOLUTE
    ../Drivers/STM32F4xx_HAL_Driver/Src/stm32f4xx_hal_flash_ramfunc.c 0x00000000   Number         0  stm32f4xx_hal_flash_ramfunc.o ABSOLUTE
    ../Drivers/STM32F4xx_HAL_Driver/Src/stm32f4xx_hal_gpio.c 0x00000000   Number         0  stm32f4xx_hal_gpio.o ABSOLUTE
    ../Drivers/STM32F4xx_HAL_Driver/Src/stm32f4xx_hal_pwr.c 0x00000000   Number         0  stm32f4xx_hal_pwr.o ABSOLUTE
    ../Drivers/STM32F4xx_HAL_Driver/Src/stm32f4xx_hal_pwr_ex.c 0x00000000   Number         0  stm32f4xx_hal_pwr_ex.o ABSOLUTE
    ../Drivers/STM32F4xx_HAL_Driver/Src/stm32f4xx_hal_rcc.c 0x00000000   Number         0  stm32f4xx_hal_rcc.o ABSOLUTE
    ../Drivers/STM32F4xx_HAL_Driver/Src/stm32f4xx_hal_rcc_ex.c 0x00000000   Number         0  stm32f4xx_hal_rcc_ex.o ABSOLUTE
    ../Drivers/STM32F4xx_HAL_Driver/Src/stm32f4xx_hal_spi.c 0x00000000   Number         0  stm32f4xx_hal_spi.o ABSOLUTE
    ../Drivers/STM32F4xx_HAL_Driver/Src/stm32f4xx_hal_tim.c 0x00000000   Number         0  stm32f4xx_hal_tim.o ABSOLUTE
    ../Drivers/STM32F4xx_HAL_Driver/Src/stm32f4xx_hal_tim_ex.c 0x00000000   Number         0  stm32f4xx_hal_tim_ex.o ABSOLUTE
    ../Drivers/STM32F4xx_HAL_Driver/Src/stm32f4xx_hal_uart.c 0x00000000   Number         0  stm32f4xx_hal_uart.o ABSOLUTE
    ../Middlewares/Third_Party/FatFs/src/diskio.c 0x00000000   Number         0  diskio.o ABSOLUTE
    ../Middlewares/Third_Party/FatFs/src/ff.c 0x00000000   Number         0  ff.o ABSOLUTE
    ../Middlewares/Third_Party/FatFs/src/ff_gen_drv.c 0x00000000   Number         0  ff_gen_drv.o ABSOLUTE
    ../Middlewares/Third_Party/FatFs/src/option/syscall.c 0x00000000   Number         0  syscall.o ABSOLUTE
    ../Src/fatfs.c                           0x00000000   Number         0  fatfs.o ABSOLUTE
    ../Src/main.c                            0x00000000   Number         0  main.o ABSOLUTE
    ../Src/stm32f4xx_hal_msp.c               0x00000000   Number         0  stm32f4xx_hal_msp.o ABSOLUTE
    ../Src/stm32f4xx_it.c                    0x00000000   Number         0  stm32f4xx_it.o ABSOLUTE
    ../Src/system_stm32f4xx.c                0x00000000   Number         0  system_stm32f4xx.o ABSOLUTE
    ../Src/user_diskio.c                     0x00000000   Number         0  user_diskio.o ABSOLUTE
    ../clib/microlib/division.c              0x00000000   Number         0  uldiv.o ABSOLUTE
    ../clib/microlib/init/entry.s            0x00000000   Number         0  entry.o ABSOLUTE
    ../clib/microlib/init/entry.s            0x00000000   Number         0  entry2.o ABSOLUTE
    ../clib/microlib/init/entry.s            0x00000000   Number         0  entry11b.o ABSOLUTE
    ../clib/microlib/init/entry.s            0x00000000   Number         0  entry10b.o ABSOLUTE
    ../clib/microlib/init/entry.s            0x00000000   Number         0  entry10a.o ABSOLUTE
    ../clib/microlib/init/entry.s            0x00000000   Number         0  entry9b.o ABSOLUTE
    ../clib/microlib/init/entry.s            0x00000000   Number         0  entry9a.o ABSOLUTE
    ../clib/microlib/init/entry.s            0x00000000   Number         0  entry8b.o ABSOLUTE
    ../clib/microlib/init/entry.s            0x00000000   Number         0  entry8a.o ABSOLUTE
    ../clib/microlib/init/entry.s            0x00000000   Number         0  entry7b.o ABSOLUTE
    ../clib/microlib/init/entry.s            0x00000000   Number         0  entry5.o ABSOLUTE
    ../clib/microlib/init/entry.s            0x00000000   Number         0  entry7a.o ABSOLUTE
    ../clib/microlib/init/entry.s            0x00000000   Number         0  entry11a.o ABSOLUTE
    ../clib/microlib/longlong.c              0x00000000   Number         0  llushr.o ABSOLUTE
    ../clib/microlib/longlong.c              0x00000000   Number         0  llshl.o ABSOLUTE
    ../clib/microlib/string/memset.c         0x00000000   Number         0  memseta.o ABSOLUTE
    ../clib/microlib/string/strcpy.c         0x00000000   Number         0  strcpy.o ABSOLUTE
    ../clib/microlib/string/strlen.c         0x00000000   Number         0  strlen.o ABSOLUTE
    ..\..\..\SD_CARD_SPI_F103C8\SD_CARD_SPI_F103C8\Core\Src\fatfs_sd.c 0x00000000   Number         0  fatfs_sd.o ABSOLUTE
    ..\Drivers\STM32F4xx_HAL_Driver\Src\stm32f4xx_hal.c 0x00000000   Number         0  stm32f4xx_hal.o ABSOLUTE
    ..\Drivers\STM32F4xx_HAL_Driver\Src\stm32f4xx_hal_cortex.c 0x00000000   Number         0  stm32f4xx_hal_cortex.o ABSOLUTE
    ..\Drivers\STM32F4xx_HAL_Driver\Src\stm32f4xx_hal_dma.c 0x00000000   Number         0  stm32f4xx_hal_dma.o ABSOLUTE
    ..\Drivers\STM32F4xx_HAL_Driver\Src\stm32f4xx_hal_dma_ex.c 0x00000000   Number         0  stm32f4xx_hal_dma_ex.o ABSOLUTE
    ..\Drivers\STM32F4xx_HAL_Driver\Src\stm32f4xx_hal_exti.c 0x00000000   Number         0  stm32f4xx_hal_exti.o ABSOLUTE
    ..\Drivers\STM32F4xx_HAL_Driver\Src\stm32f4xx_hal_flash.c 0x00000000   Number         0  stm32f4xx_hal_flash.o ABSOLUTE
    ..\Drivers\STM32F4xx_HAL_Driver\Src\stm32f4xx_hal_flash_ex.c 0x00000000   Number         0  stm32f4xx_hal_flash_ex.o ABSOLUTE
    ..\Drivers\STM32F4xx_HAL_Driver\Src\stm32f4xx_hal_flash_ramfunc.c 0x00000000   Number         0  stm32f4xx_hal_flash_ramfunc.o ABSOLUTE
    ..\Drivers\STM32F4xx_HAL_Driver\Src\stm32f4xx_hal_gpio.c 0x00000000   Number         0  stm32f4xx_hal_gpio.o ABSOLUTE
    ..\Drivers\STM32F4xx_HAL_Driver\Src\stm32f4xx_hal_pwr.c 0x00000000   Number         0  stm32f4xx_hal_pwr.o ABSOLUTE
    ..\Drivers\STM32F4xx_HAL_Driver\Src\stm32f4xx_hal_pwr_ex.c 0x00000000   Number         0  stm32f4xx_hal_pwr_ex.o ABSOLUTE
    ..\Drivers\STM32F4xx_HAL_Driver\Src\stm32f4xx_hal_rcc.c 0x00000000   Number         0  stm32f4xx_hal_rcc.o ABSOLUTE
    ..\Drivers\STM32F4xx_HAL_Driver\Src\stm32f4xx_hal_rcc_ex.c 0x00000000   Number         0  stm32f4xx_hal_rcc_ex.o ABSOLUTE
    ..\Drivers\STM32F4xx_HAL_Driver\Src\stm32f4xx_hal_spi.c 0x00000000   Number         0  stm32f4xx_hal_spi.o ABSOLUTE
    ..\Drivers\STM32F4xx_HAL_Driver\Src\stm32f4xx_hal_tim.c 0x00000000   Number         0  stm32f4xx_hal_tim.o ABSOLUTE
    ..\Drivers\STM32F4xx_HAL_Driver\Src\stm32f4xx_hal_tim_ex.c 0x00000000   Number         0  stm32f4xx_hal_tim_ex.o ABSOLUTE
    ..\Drivers\STM32F4xx_HAL_Driver\Src\stm32f4xx_hal_uart.c 0x00000000   Number         0  stm32f4xx_hal_uart.o ABSOLUTE
    ..\Middlewares\Third_Party\FatFs\src\diskio.c 0x00000000   Number         0  diskio.o ABSOLUTE
    ..\Middlewares\Third_Party\FatFs\src\ff.c 0x00000000   Number         0  ff.o ABSOLUTE
    ..\Middlewares\Third_Party\FatFs\src\ff_gen_drv.c 0x00000000   Number         0  ff_gen_drv.o ABSOLUTE
    ..\Middlewares\Third_Party\FatFs\src\option\syscall.c 0x00000000   Number         0  syscall.o ABSOLUTE
    ..\Src\fatfs.c                           0x00000000   Number         0  fatfs.o ABSOLUTE
    ..\Src\main.c                            0x00000000   Number         0  main.o ABSOLUTE
    ..\Src\stm32f4xx_hal_msp.c               0x00000000   Number         0  stm32f4xx_hal_msp.o ABSOLUTE
    ..\Src\stm32f4xx_it.c                    0x00000000   Number         0  stm32f4xx_it.o ABSOLUTE
    ..\Src\system_stm32f4xx.c                0x00000000   Number         0  system_stm32f4xx.o ABSOLUTE
    ..\Src\user_diskio.c                     0x00000000   Number         0  user_diskio.o ABSOLUTE
    ..\\..\\..\\SD_CARD_SPI_F103C8\\SD_CARD_SPI_F103C8\\Core\\Src\\fatfs_sd.c 0x00000000   Number         0  fatfs_sd.o ABSOLUTE
    dc.s                                     0x00000000   Number         0  dc.o ABSOLUTE
    handlers.s                               0x00000000   Number         0  handlers.o ABSOLUTE
    init.s                                   0x00000000   Number         0  init.o ABSOLUTE
    startup_stm32f407xx.s                    0x00000000   Number         0  startup_stm32f407xx.o ABSOLUTE
    RESET                                    0x08000000   Section      392  startup_stm32f407xx.o(RESET)
    .ARM.Collect$$$$00000000                 0x08000188   Section        0  entry.o(.ARM.Collect$$$$00000000)
    .ARM.Collect$$$$00000001                 0x08000188   Section        4  entry2.o(.ARM.Collect$$$$00000001)
    .ARM.Collect$$$$00000004                 0x0800018c   Section        4  entry5.o(.ARM.Collect$$$$00000004)
    .ARM.Collect$$$$00000008                 0x08000190   Section        0  entry7b.o(.ARM.Collect$$$$00000008)
    .ARM.Collect$$$$0000000A                 0x08000190   Section        0  entry8b.o(.ARM.Collect$$$$0000000A)
    .ARM.Collect$$$$0000000B                 0x08000190   Section        8  entry9a.o(.ARM.Collect$$$$0000000B)
    .ARM.Collect$$$$0000000D                 0x08000198   Section        0  entry10a.o(.ARM.Collect$$$$0000000D)
    .ARM.Collect$$$$0000000F                 0x08000198   Section        0  entry11a.o(.ARM.Collect$$$$0000000F)
    .ARM.Collect$$$$00002712                 0x08000198   Section        4  entry2.o(.ARM.Collect$$$$00002712)
    __lit__00000000                          0x08000198   Data           4  entry2.o(.ARM.Collect$$$$00002712)
    .text                                    0x0800019c   Section       36  startup_stm32f407xx.o(.text)
    $v0                                      0x0800019c   Number         0  startup_stm32f407xx.o(.text)
    .text                                    0x080001c0   Section        0  uldiv.o(.text)
    .text                                    0x08000222   Section        0  memseta.o(.text)
    .text                                    0x08000246   Section        0  strlen.o(.text)
    .text                                    0x08000254   Section        0  strcpy.o(.text)
    .text                                    0x08000266   Section        0  llshl.o(.text)
    .text                                    0x08000284   Section        0  llushr.o(.text)
    .text                                    0x080002a4   Section       36  init.o(.text)
    i.BusFault_Handler                       0x080002c8   Section        0  stm32f4xx_it.o(i.BusFault_Handler)
    i.DESELECT                               0x080002cc   Section        0  fatfs_sd.o(i.DESELECT)
    DESELECT                                 0x080002cd   Thumb Code    10  fatfs_sd.o(i.DESELECT)
    i.DebugMon_Handler                       0x080002dc   Section        0  stm32f4xx_it.o(i.DebugMon_Handler)
    i.FATFS_LinkDriver                       0x080002de   Section        0  ff_gen_drv.o(i.FATFS_LinkDriver)
    i.FATFS_LinkDriverEx                     0x080002e4   Section        0  ff_gen_drv.o(i.FATFS_LinkDriverEx)
    i.HAL_Delay                              0x08000324   Section        0  stm32f4xx_hal.o(i.HAL_Delay)
    i.HAL_GPIO_Init                          0x08000348   Section        0  stm32f4xx_hal_gpio.o(i.HAL_GPIO_Init)
    i.HAL_GPIO_WritePin                      0x080004f8   Section        0  stm32f4xx_hal_gpio.o(i.HAL_GPIO_WritePin)
    i.HAL_GetTick                            0x08000504   Section        0  stm32f4xx_hal.o(i.HAL_GetTick)
    i.HAL_IncTick                            0x08000510   Section        0  stm32f4xx_hal.o(i.HAL_IncTick)
    i.HAL_Init                               0x08000520   Section        0  stm32f4xx_hal.o(i.HAL_Init)
    i.HAL_InitTick                           0x08000554   Section        0  stm32f4xx_hal.o(i.HAL_InitTick)
    i.HAL_MspInit                            0x08000594   Section        0  stm32f4xx_hal_msp.o(i.HAL_MspInit)
    i.HAL_NVIC_SetPriority                   0x080005c4   Section        0  stm32f4xx_hal_cortex.o(i.HAL_NVIC_SetPriority)
    i.HAL_NVIC_SetPriorityGrouping           0x08000604   Section        0  stm32f4xx_hal_cortex.o(i.HAL_NVIC_SetPriorityGrouping)
    i.HAL_RCC_ClockConfig                    0x08000628   Section        0  stm32f4xx_hal_rcc.o(i.HAL_RCC_ClockConfig)
    i.HAL_RCC_GetPCLK1Freq                   0x08000758   Section        0  stm32f4xx_hal_rcc.o(i.HAL_RCC_GetPCLK1Freq)
    i.HAL_RCC_GetPCLK2Freq                   0x08000778   Section        0  stm32f4xx_hal_rcc.o(i.HAL_RCC_GetPCLK2Freq)
    i.HAL_RCC_GetSysClockFreq                0x08000798   Section        0  stm32f4xx_hal_rcc.o(i.HAL_RCC_GetSysClockFreq)
    i.HAL_RCC_OscConfig                      0x080007fc   Section        0  stm32f4xx_hal_rcc.o(i.HAL_RCC_OscConfig)
    i.HAL_SPI_GetState                       0x08000b18   Section        0  stm32f4xx_hal_spi.o(i.HAL_SPI_GetState)
    i.HAL_SPI_Init                           0x08000b1e   Section        0  stm32f4xx_hal_spi.o(i.HAL_SPI_Init)
    i.HAL_SPI_MspInit                        0x08000ba0   Section        0  stm32f4xx_hal_msp.o(i.HAL_SPI_MspInit)
    i.HAL_SPI_Transmit                       0x08000c0c   Section        0  stm32f4xx_hal_spi.o(i.HAL_SPI_Transmit)
    i.HAL_SPI_TransmitReceive                0x08000d68   Section        0  stm32f4xx_hal_spi.o(i.HAL_SPI_TransmitReceive)
    i.HAL_SYSTICK_Config                     0x08000f4a   Section        0  stm32f4xx_hal_cortex.o(i.HAL_SYSTICK_Config)
    i.HAL_UART_Init                          0x08000f72   Section        0  stm32f4xx_hal_uart.o(i.HAL_UART_Init)
    i.HAL_UART_MspInit                       0x08000fd4   Section        0  stm32f4xx_hal_msp.o(i.HAL_UART_MspInit)
    i.HAL_UART_Transmit                      0x0800103c   Section        0  stm32f4xx_hal_uart.o(i.HAL_UART_Transmit)
    i.HardFault_Handler                      0x080010f6   Section        0  stm32f4xx_it.o(i.HardFault_Handler)
    i.MX_FATFS_Init                          0x080010f8   Section        0  fatfs.o(i.MX_FATFS_Init)
    i.MX_GPIO_Init                           0x08001114   Section        0  main.o(i.MX_GPIO_Init)
    MX_GPIO_Init                             0x08001115   Thumb Code    86  main.o(i.MX_GPIO_Init)
    i.MX_SPI2_Init                           0x08001174   Section        0  main.o(i.MX_SPI2_Init)
    MX_SPI2_Init                             0x08001175   Thumb Code    44  main.o(i.MX_SPI2_Init)
    i.MemManage_Handler                      0x080011a8   Section        0  stm32f4xx_it.o(i.MemManage_Handler)
    i.NMI_Handler                            0x080011aa   Section        0  stm32f4xx_it.o(i.NMI_Handler)
    i.PendSV_Handler                         0x080011ac   Section        0  stm32f4xx_it.o(i.PendSV_Handler)
    i.SDTimer_Handler                        0x080011b0   Section        0  stm32f4xx_it.o(i.SDTimer_Handler)
    i.SD_PowerOn                             0x080011d0   Section        0  fatfs_sd.o(i.SD_PowerOn)
    SD_PowerOn                               0x080011d1   Thumb Code   108  fatfs_sd.o(i.SD_PowerOn)
    i.SD_ReadyWait                           0x08001240   Section        0  fatfs_sd.o(i.SD_ReadyWait)
    SD_ReadyWait                             0x08001241   Thumb Code    28  fatfs_sd.o(i.SD_ReadyWait)
    i.SD_RxDataBlock                         0x08001260   Section        0  fatfs_sd.o(i.SD_RxDataBlock)
    SD_RxDataBlock                           0x08001261   Thumb Code    76  fatfs_sd.o(i.SD_RxDataBlock)
    i.SD_SendCmd                             0x080012b0   Section        0  fatfs_sd.o(i.SD_SendCmd)
    SD_SendCmd                               0x080012b1   Thumb Code   110  fatfs_sd.o(i.SD_SendCmd)
    i.SD_TxDataBlock                         0x08001320   Section        0  fatfs_sd.o(i.SD_TxDataBlock)
    SD_TxDataBlock                           0x08001321   Thumb Code   106  fatfs_sd.o(i.SD_TxDataBlock)
    i.SD_disk_initialize                     0x0800138c   Section        0  fatfs_sd.o(i.SD_disk_initialize)
    i.SD_disk_ioctl                          0x080014c4   Section        0  fatfs_sd.o(i.SD_disk_ioctl)
    i.SD_disk_read                           0x08001608   Section        0  fatfs_sd.o(i.SD_disk_read)
    i.SD_disk_status                         0x080016a0   Section        0  fatfs_sd.o(i.SD_disk_status)
    i.SD_disk_write                          0x080016b0   Section        0  fatfs_sd.o(i.SD_disk_write)
    i.SELECT                                 0x08001768   Section        0  fatfs_sd.o(i.SELECT)
    SELECT                                   0x08001769   Thumb Code    12  fatfs_sd.o(i.SELECT)
    i.SPI_EndRxTxTransaction                 0x08001778   Section        0  stm32f4xx_hal_spi.o(i.SPI_EndRxTxTransaction)
    SPI_EndRxTxTransaction                   0x08001779   Thumb Code    32  stm32f4xx_hal_spi.o(i.SPI_EndRxTxTransaction)
    i.SPI_RxByte                             0x08001798   Section        0  fatfs_sd.o(i.SPI_RxByte)
    SPI_RxByte                               0x08001799   Thumb Code    48  fatfs_sd.o(i.SPI_RxByte)
    i.SPI_TxByte                             0x080017cc   Section        0  fatfs_sd.o(i.SPI_TxByte)
    SPI_TxByte                               0x080017cd   Thumb Code    28  fatfs_sd.o(i.SPI_TxByte)
    i.SPI_WaitFlagStateUntilTimeout          0x080017ec   Section        0  stm32f4xx_hal_spi.o(i.SPI_WaitFlagStateUntilTimeout)
    SPI_WaitFlagStateUntilTimeout            0x080017ed   Thumb Code   148  stm32f4xx_hal_spi.o(i.SPI_WaitFlagStateUntilTimeout)
    i.SVC_Handler                            0x08001880   Section        0  stm32f4xx_it.o(i.SVC_Handler)
    i.SysTick_Handler                        0x08001884   Section        0  stm32f4xx_it.o(i.SysTick_Handler)
    i.SystemClock_Config                     0x080018a8   Section        0  main.o(i.SystemClock_Config)
    i.SystemInit                             0x0800192c   Section        0  system_stm32f4xx.o(i.SystemInit)
    i.UART_SetConfig                         0x08001980   Section        0  stm32f4xx_hal_uart.o(i.UART_SetConfig)
    UART_SetConfig                           0x08001981   Thumb Code   676  stm32f4xx_hal_uart.o(i.UART_SetConfig)
    i.UART_WaitOnFlagUntilTimeout            0x08001c2c   Section        0  stm32f4xx_hal_uart.o(i.UART_WaitOnFlagUntilTimeout)
    UART_WaitOnFlagUntilTimeout              0x08001c2d   Thumb Code   100  stm32f4xx_hal_uart.o(i.UART_WaitOnFlagUntilTimeout)
    i.USER_initialize                        0x08001c90   Section        0  user_diskio.o(i.USER_initialize)
    i.USER_ioctl                             0x08001ca0   Section        0  user_diskio.o(i.USER_ioctl)
    i.USER_read                              0x08001ca4   Section        0  user_diskio.o(i.USER_read)
    i.USER_status                            0x08001ca8   Section        0  user_diskio.o(i.USER_status)
    i.USER_write                             0x08001cb8   Section        0  user_diskio.o(i.USER_write)
    i.UsageFault_Handler                     0x08001cbc   Section        0  stm32f4xx_it.o(i.UsageFault_Handler)
    i.__NVIC_SetPriority                     0x08001cbe   Section        0  stm32f4xx_hal_cortex.o(i.__NVIC_SetPriority)
    __NVIC_SetPriority                       0x08001cbf   Thumb Code    32  stm32f4xx_hal_cortex.o(i.__NVIC_SetPriority)
    i.__scatterload_copy                     0x08001cde   Section       14  handlers.o(i.__scatterload_copy)
    i.__scatterload_null                     0x08001cec   Section        2  handlers.o(i.__scatterload_null)
    i.__scatterload_zeroinit                 0x08001cee   Section       14  handlers.o(i.__scatterload_zeroinit)
    i.bufsize                                0x08001cfc   Section        0  main.o(i.bufsize)
    i.check_fs                               0x08001d10   Section        0  ff.o(i.check_fs)
    check_fs                                 0x08001d11   Thumb Code   102  ff.o(i.check_fs)
    i.chk_lock                               0x08001d80   Section        0  ff.o(i.chk_lock)
    chk_lock                                 0x08001d81   Thumb Code    86  ff.o(i.chk_lock)
    i.clear_lock                             0x08001ddc   Section        0  ff.o(i.clear_lock)
    clear_lock                               0x08001ddd   Thumb Code    28  ff.o(i.clear_lock)
    i.clmt_clust                             0x08001dfc   Section        0  ff.o(i.clmt_clust)
    clmt_clust                               0x08001dfd   Thumb Code    36  ff.o(i.clmt_clust)
    i.clust2sect                             0x08001e20   Section        0  ff.o(i.clust2sect)
    clust2sect                               0x08001e21   Thumb Code    24  ff.o(i.clust2sect)
    i.create_chain                           0x08001e38   Section        0  ff.o(i.create_chain)
    create_chain                             0x08001e39   Thumb Code   164  ff.o(i.create_chain)
    i.create_name                            0x08001edc   Section        0  ff.o(i.create_name)
    create_name                              0x08001edd   Thumb Code   168  ff.o(i.create_name)
    i.dec_lock                               0x08001f98   Section        0  ff.o(i.dec_lock)
    dec_lock                                 0x08001f99   Thumb Code    48  ff.o(i.dec_lock)
    i.dir_find                               0x08001fcc   Section        0  ff.o(i.dir_find)
    dir_find                                 0x08001fcd   Thumb Code   100  ff.o(i.dir_find)
    i.dir_next                               0x08002030   Section        0  ff.o(i.dir_next)
    dir_next                                 0x08002031   Thumb Code   244  ff.o(i.dir_next)
    i.dir_register                           0x08002124   Section        0  ff.o(i.dir_register)
    dir_register                             0x08002125   Thumb Code   102  ff.o(i.dir_register)
    i.dir_sdi                                0x0800218a   Section        0  ff.o(i.dir_sdi)
    dir_sdi                                  0x0800218b   Thumb Code   130  ff.o(i.dir_sdi)
    i.disk_initialize                        0x0800220c   Section        0  diskio.o(i.disk_initialize)
    i.disk_ioctl                             0x08002210   Section        0  diskio.o(i.disk_ioctl)
    i.disk_read                              0x08002214   Section        0  diskio.o(i.disk_read)
    i.disk_status                            0x08002218   Section        0  diskio.o(i.disk_status)
    i.disk_write                             0x0800221c   Section        0  diskio.o(i.disk_write)
    i.f_close                                0x08002220   Section        0  ff.o(i.f_close)
    i.f_mount                                0x08002248   Section        0  ff.o(i.f_mount)
    i.f_open                                 0x080022a0   Section        0  ff.o(i.f_open)
    i.f_read                                 0x080024ac   Section        0  ff.o(i.f_read)
    i.f_sync                                 0x080025fe   Section        0  ff.o(i.f_sync)
    i.f_write                                0x0800268c   Section        0  ff.o(i.f_write)
    i.find_volume                            0x0800281c   Section        0  ff.o(i.find_volume)
    find_volume                              0x0800281d   Thumb Code   582  ff.o(i.find_volume)
    i.follow_path                            0x08002a70   Section        0  ff.o(i.follow_path)
    follow_path                              0x08002a71   Thumb Code   116  ff.o(i.follow_path)
    i.get_fat                                0x08002ae4   Section        0  ff.o(i.get_fat)
    get_fat                                  0x08002ae5   Thumb Code   190  ff.o(i.get_fat)
    i.get_fattime                            0x08002ba2   Section        0  fatfs.o(i.get_fattime)
    i.get_ldnumber                           0x08002ba6   Section        0  ff.o(i.get_ldnumber)
    get_ldnumber                             0x08002ba7   Thumb Code    60  ff.o(i.get_ldnumber)
    i.inc_lock                               0x08002be4   Section        0  ff.o(i.inc_lock)
    inc_lock                                 0x08002be5   Thumb Code   124  ff.o(i.inc_lock)
    i.ld_clust                               0x08002c64   Section        0  ff.o(i.ld_clust)
    ld_clust                                 0x08002c65   Thumb Code    38  ff.o(i.ld_clust)
    i.ld_dword                               0x08002c8a   Section        0  ff.o(i.ld_dword)
    ld_dword                                 0x08002c8b   Thumb Code    22  ff.o(i.ld_dword)
    i.ld_word                                0x08002ca0   Section        0  ff.o(i.ld_word)
    ld_word                                  0x08002ca1   Thumb Code    10  ff.o(i.ld_word)
    i.main                                   0x08002cac   Section        0  main.o(i.main)
    i.mem_cpy                                0x08002e1c   Section        0  ff.o(i.mem_cpy)
    mem_cpy                                  0x08002e1d   Thumb Code    18  ff.o(i.mem_cpy)
    i.mem_set                                0x08002e30   Section        0  ff.o(i.mem_set)
    mem_set                                  0x08002e31   Thumb Code    14  ff.o(i.mem_set)
    i.move_window                            0x08002e3e   Section        0  ff.o(i.move_window)
    move_window                              0x08002e3f   Thumb Code    50  ff.o(i.move_window)
    i.put_fat                                0x08002e70   Section        0  ff.o(i.put_fat)
    put_fat                                  0x08002e71   Thumb Code   234  ff.o(i.put_fat)
    i.remove_chain                           0x08002f5a   Section        0  ff.o(i.remove_chain)
    remove_chain                             0x08002f5b   Thumb Code   116  ff.o(i.remove_chain)
    i.send_uart                              0x08002fd0   Section        0  main.o(i.send_uart)
    i.st_clust                               0x08002ff0   Section        0  ff.o(i.st_clust)
    st_clust                                 0x08002ff1   Thumb Code    40  ff.o(i.st_clust)
    i.st_dword                               0x08003018   Section        0  ff.o(i.st_dword)
    st_dword                                 0x08003019   Thumb Code    16  ff.o(i.st_dword)
    i.st_word                                0x08003028   Section        0  ff.o(i.st_word)
    st_word                                  0x08003029   Thumb Code     8  ff.o(i.st_word)
    i.sync_fs                                0x08003030   Section        0  ff.o(i.sync_fs)
    sync_fs                                  0x08003031   Thumb Code   126  ff.o(i.sync_fs)
    i.sync_window                            0x080030b8   Section        0  ff.o(i.sync_window)
    sync_window                              0x080030b9   Thumb Code    82  ff.o(i.sync_window)
    i.validate                               0x0800310a   Section        0  ff.o(i.validate)
    validate                                 0x0800310b   Thumb Code    52  ff.o(i.validate)
    .constdata                               0x0800313e   Section       16  system_stm32f4xx.o(.constdata)
    .constdata                               0x0800314e   Section        8  system_stm32f4xx.o(.constdata)
    .constdata                               0x08003156   Section      156  ff.o(.constdata)
    ExCvt                                    0x08003156   Data         128  ff.o(.constdata)
    cst                                      0x080031d6   Data          14  ff.o(.constdata)
    cst32                                    0x080031e4   Data          14  ff.o(.constdata)
    .conststring                             0x080031f4   Section       77  main.o(.conststring)
    .data                                    0x20000000   Section        3  fatfs_sd.o(.data)
    Stat                                     0x20000000   Data           1  fatfs_sd.o(.data)
    PowerFlag                                0x20000001   Data           1  fatfs_sd.o(.data)
    CardType                                 0x20000002   Data           1  fatfs_sd.o(.data)
    .data                                    0x20000004   Section       12  main.o(.data)
    .data                                    0x20000010   Section        1  user_diskio.o(.data)
    Stat                                     0x20000010   Data           1  user_diskio.o(.data)
    .data                                    0x20000014   Section       20  user_diskio.o(.data)
    .data                                    0x20000028   Section        5  fatfs.o(.data)
    .data                                    0x2000002d   Section        3  stm32f4xx_it.o(.data)
    .data                                    0x20000030   Section       12  stm32f4xx_hal.o(.data)
    .data                                    0x2000003c   Section        4  system_stm32f4xx.o(.data)
    .data                                    0x20000040   Section        8  ff.o(.data)
    Fsid                                     0x20000040   Data           2  ff.o(.data)
    FatFs                                    0x20000044   Data           4  ff.o(.data)
    .bss                                     0x20000048   Section     2296  main.o(.bss)
    .bss                                     0x20000940   Section       32  ff.o(.bss)
    Files                                    0x20000940   Data          32  ff.o(.bss)
    .bss                                     0x20000960   Section       12  ff_gen_drv.o(.bss)
    STACK                                    0x20000970   Section     1024  startup_stm32f407xx.o(STACK)

    Global Symbols

    Symbol Name                              Value     Ov Type        Size  Object(Section)

    BuildAttributes$$THM_ISAv4$E$P$D$K$B$S$7EM$VFPi3$EXTD16$VFPS$VFMA$PE$A:L22UL41UL21$X:L11$S22US41US21$IEEE1$IW$USESV6$~STKCKD$USESV7$~SHL$OSPACE$EBA8$MICROLIB$REQ8$PRES8$EABIv2 0x00000000   Number         0  anon$$obj.o ABSOLUTE
    __ARM_use_no_argv                        0x00000000   Number         0  main.o ABSOLUTE
    __cpp_initialize__aeabi_                  - Undefined Weak Reference
    __cxa_finalize                            - Undefined Weak Reference
    __decompress                              - Undefined Weak Reference
    _clock_init                               - Undefined Weak Reference
    _microlib_exit                            - Undefined Weak Reference
    __Vectors_Size                           0x00000188   Number         0  startup_stm32f407xx.o ABSOLUTE
    __Vectors                                0x08000000   Data           4  startup_stm32f407xx.o(RESET)
    __Vectors_End                            0x08000188   Data           0  startup_stm32f407xx.o(RESET)
    __main                                   0x08000189   Thumb Code     0  entry.o(.ARM.Collect$$$$00000000)
    _main_stk                                0x08000189   Thumb Code     0  entry2.o(.ARM.Collect$$$$00000001)
    _main_scatterload                        0x0800018d   Thumb Code     0  entry5.o(.ARM.Collect$$$$00000004)
    __main_after_scatterload                 0x08000191   Thumb Code     0  entry5.o(.ARM.Collect$$$$00000004)
    _main_clock                              0x08000191   Thumb Code     0  entry7b.o(.ARM.Collect$$$$00000008)
    _main_cpp_init                           0x08000191   Thumb Code     0  entry8b.o(.ARM.Collect$$$$0000000A)
    _main_init                               0x08000191   Thumb Code     0  entry9a.o(.ARM.Collect$$$$0000000B)
    __rt_final_cpp                           0x08000199   Thumb Code     0  entry10a.o(.ARM.Collect$$$$0000000D)
    __rt_final_exit                          0x08000199   Thumb Code     0  entry11a.o(.ARM.Collect$$$$0000000F)
    Reset_Handler                            0x0800019d   Thumb Code     8  startup_stm32f407xx.o(.text)
    ADC_IRQHandler                           0x080001b7   Thumb Code     0  startup_stm32f407xx.o(.text)
    CAN1_RX0_IRQHandler                      0x080001b7   Thumb Code     0  startup_stm32f407xx.o(.text)
    CAN1_RX1_IRQHandler                      0x080001b7   Thumb Code     0  startup_stm32f407xx.o(.text)
    CAN1_SCE_IRQHandler                      0x080001b7   Thumb Code     0  startup_stm32f407xx.o(.text)
    CAN1_TX_IRQHandler                       0x080001b7   Thumb Code     0  startup_stm32f407xx.o(.text)
    CAN2_RX0_IRQHandler                      0x080001b7   Thumb Code     0  startup_stm32f407xx.o(.text)
    CAN2_RX1_IRQHandler                      0x080001b7   Thumb Code     0  startup_stm32f407xx.o(.text)
    CAN2_SCE_IRQHandler                      0x080001b7   Thumb Code     0  startup_stm32f407xx.o(.text)
    CAN2_TX_IRQHandler                       0x080001b7   Thumb Code     0  startup_stm32f407xx.o(.text)
    DCMI_IRQHandler                          0x080001b7   Thumb Code     0  startup_stm32f407xx.o(.text)
    DMA1_Stream0_IRQHandler                  0x080001b7   Thumb Code     0  startup_stm32f407xx.o(.text)
    DMA1_Stream1_IRQHandler                  0x080001b7   Thumb Code     0  startup_stm32f407xx.o(.text)
    DMA1_Stream2_IRQHandler                  0x080001b7   Thumb Code     0  startup_stm32f407xx.o(.text)
    DMA1_Stream3_IRQHandler                  0x080001b7   Thumb Code     0  startup_stm32f407xx.o(.text)
    DMA1_Stream4_IRQHandler                  0x080001b7   Thumb Code     0  startup_stm32f407xx.o(.text)
    DMA1_Stream5_IRQHandler                  0x080001b7   Thumb Code     0  startup_stm32f407xx.o(.text)
    DMA1_Stream6_IRQHandler                  0x080001b7   Thumb Code     0  startup_stm32f407xx.o(.text)
    DMA1_Stream7_IRQHandler                  0x080001b7   Thumb Code     0  startup_stm32f407xx.o(.text)
    DMA2_Stream0_IRQHandler                  0x080001b7   Thumb Code     0  startup_stm32f407xx.o(.text)
    DMA2_Stream1_IRQHandler                  0x080001b7   Thumb Code     0  startup_stm32f407xx.o(.text)
    DMA2_Stream2_IRQHandler                  0x080001b7   Thumb Code     0  startup_stm32f407xx.o(.text)
    DMA2_Stream3_IRQHandler                  0x080001b7   Thumb Code     0  startup_stm32f407xx.o(.text)
    DMA2_Stream4_IRQHandler                  0x080001b7   Thumb Code     0  startup_stm32f407xx.o(.text)
    DMA2_Stream5_IRQHandler                  0x080001b7   Thumb Code     0  startup_stm32f407xx.o(.text)
    DMA2_Stream6_IRQHandler                  0x080001b7   Thumb Code     0  startup_stm32f407xx.o(.text)
    DMA2_Stream7_IRQHandler                  0x080001b7   Thumb Code     0  startup_stm32f407xx.o(.text)
    ETH_IRQHandler                           0x080001b7   Thumb Code     0  startup_stm32f407xx.o(.text)
    ETH_WKUP_IRQHandler                      0x080001b7   Thumb Code     0  startup_stm32f407xx.o(.text)
    EXTI0_IRQHandler                         0x080001b7   Thumb Code     0  startup_stm32f407xx.o(.text)
    EXTI15_10_IRQHandler                     0x080001b7   Thumb Code     0  startup_stm32f407xx.o(.text)
    EXTI1_IRQHandler                         0x080001b7   Thumb Code     0  startup_stm32f407xx.o(.text)
    EXTI2_IRQHandler                         0x080001b7   Thumb Code     0  startup_stm32f407xx.o(.text)
    EXTI3_IRQHandler                         0x080001b7   Thumb Code     0  startup_stm32f407xx.o(.text)
    EXTI4_IRQHandler                         0x080001b7   Thumb Code     0  startup_stm32f407xx.o(.text)
    EXTI9_5_IRQHandler                       0x080001b7   Thumb Code     0  startup_stm32f407xx.o(.text)
    FLASH_IRQHandler                         0x080001b7   Thumb Code     0  startup_stm32f407xx.o(.text)
    FMC_IRQHandler                           0x080001b7   Thumb Code     0  startup_stm32f407xx.o(.text)
    FPU_IRQHandler                           0x080001b7   Thumb Code     0  startup_stm32f407xx.o(.text)
    HASH_RNG_IRQHandler                      0x080001b7   Thumb Code     0  startup_stm32f407xx.o(.text)
    I2C1_ER_IRQHandler                       0x080001b7   Thumb Code     0  startup_stm32f407xx.o(.text)
    I2C1_EV_IRQHandler                       0x080001b7   Thumb Code     0  startup_stm32f407xx.o(.text)
    I2C2_ER_IRQHandler                       0x080001b7   Thumb Code     0  startup_stm32f407xx.o(.text)
    I2C2_EV_IRQHandler                       0x080001b7   Thumb Code     0  startup_stm32f407xx.o(.text)
    I2C3_ER_IRQHandler                       0x080001b7   Thumb Code     0  startup_stm32f407xx.o(.text)
    I2C3_EV_IRQHandler                       0x080001b7   Thumb Code     0  startup_stm32f407xx.o(.text)
    OTG_FS_IRQHandler                        0x080001b7   Thumb Code     0  startup_stm32f407xx.o(.text)
    OTG_FS_WKUP_IRQHandler                   0x080001b7   Thumb Code     0  startup_stm32f407xx.o(.text)
    OTG_HS_EP1_IN_IRQHandler                 0x080001b7   Thumb Code     0  startup_stm32f407xx.o(.text)
    OTG_HS_EP1_OUT_IRQHandler                0x080001b7   Thumb Code     0  startup_stm32f407xx.o(.text)
    OTG_HS_IRQHandler                        0x080001b7   Thumb Code     0  startup_stm32f407xx.o(.text)
    OTG_HS_WKUP_IRQHandler                   0x080001b7   Thumb Code     0  startup_stm32f407xx.o(.text)
    PVD_IRQHandler                           0x080001b7   Thumb Code     0  startup_stm32f407xx.o(.text)
    RCC_IRQHandler                           0x080001b7   Thumb Code     0  startup_stm32f407xx.o(.text)
    RTC_Alarm_IRQHandler                     0x080001b7   Thumb Code     0  startup_stm32f407xx.o(.text)
    RTC_WKUP_IRQHandler                      0x080001b7   Thumb Code     0  startup_stm32f407xx.o(.text)
    SDIO_IRQHandler                          0x080001b7   Thumb Code     0  startup_stm32f407xx.o(.text)
    SPI1_IRQHandler                          0x080001b7   Thumb Code     0  startup_stm32f407xx.o(.text)
    SPI2_IRQHandler                          0x080001b7   Thumb Code     0  startup_stm32f407xx.o(.text)
    SPI3_IRQHandler                          0x080001b7   Thumb Code     0  startup_stm32f407xx.o(.text)
    TAMP_STAMP_IRQHandler                    0x080001b7   Thumb Code     0  startup_stm32f407xx.o(.text)
    TIM1_BRK_TIM9_IRQHandler                 0x080001b7   Thumb Code     0  startup_stm32f407xx.o(.text)
    TIM1_CC_IRQHandler                       0x080001b7   Thumb Code     0  startup_stm32f407xx.o(.text)
    TIM1_TRG_COM_TIM11_IRQHandler            0x080001b7   Thumb Code     0  startup_stm32f407xx.o(.text)
    TIM1_UP_TIM10_IRQHandler                 0x080001b7   Thumb Code     0  startup_stm32f407xx.o(.text)
    TIM2_IRQHandler                          0x080001b7   Thumb Code     0  startup_stm32f407xx.o(.text)
    TIM3_IRQHandler                          0x080001b7   Thumb Code     0  startup_stm32f407xx.o(.text)
    TIM4_IRQHandler                          0x080001b7   Thumb Code     0  startup_stm32f407xx.o(.text)
    TIM5_IRQHandler                          0x080001b7   Thumb Code     0  startup_stm32f407xx.o(.text)
    TIM6_DAC_IRQHandler                      0x080001b7   Thumb Code     0  startup_stm32f407xx.o(.text)
    TIM7_IRQHandler                          0x080001b7   Thumb Code     0  startup_stm32f407xx.o(.text)
    TIM8_BRK_TIM12_IRQHandler                0x080001b7   Thumb Code     0  startup_stm32f407xx.o(.text)
    TIM8_CC_IRQHandler                       0x080001b7   Thumb Code     0  startup_stm32f407xx.o(.text)
    TIM8_TRG_COM_TIM14_IRQHandler            0x080001b7   Thumb Code     0  startup_stm32f407xx.o(.text)
    TIM8_UP_TIM13_IRQHandler                 0x080001b7   Thumb Code     0  startup_stm32f407xx.o(.text)
    UART4_IRQHandler                         0x080001b7   Thumb Code     0  startup_stm32f407xx.o(.text)
    UART5_IRQHandler                         0x080001b7   Thumb Code     0  startup_stm32f407xx.o(.text)
    USART1_IRQHandler                        0x080001b7   Thumb Code     0  startup_stm32f407xx.o(.text)
    USART2_IRQHandler                        0x080001b7   Thumb Code     0  startup_stm32f407xx.o(.text)
    USART3_IRQHandler                        0x080001b7   Thumb Code     0  startup_stm32f407xx.o(.text)
    USART6_IRQHandler                        0x080001b7   Thumb Code     0  startup_stm32f407xx.o(.text)
    WWDG_IRQHandler                          0x080001b7   Thumb Code     0  startup_stm32f407xx.o(.text)
    __aeabi_uldivmod                         0x080001c1   Thumb Code    98  uldiv.o(.text)
    __aeabi_memset                           0x08000223   Thumb Code    14  memseta.o(.text)
    __aeabi_memset4                          0x08000223   Thumb Code     0  memseta.o(.text)
    __aeabi_memset8                          0x08000223   Thumb Code     0  memseta.o(.text)
    __aeabi_memclr                           0x08000231   Thumb Code     4  memseta.o(.text)
    __aeabi_memclr4                          0x08000231   Thumb Code     0  memseta.o(.text)
    __aeabi_memclr8                          0x08000231   Thumb Code     0  memseta.o(.text)
    _memset$wrapper                          0x08000235   Thumb Code    18  memseta.o(.text)
    strlen                                   0x08000247   Thumb Code    14  strlen.o(.text)
    strcpy                                   0x08000255   Thumb Code    18  strcpy.o(.text)
    __aeabi_llsl                             0x08000267   Thumb Code    30  llshl.o(.text)
    _ll_shift_l                              0x08000267   Thumb Code     0  llshl.o(.text)
    __aeabi_llsr                             0x08000285   Thumb Code    32  llushr.o(.text)
    _ll_ushift_r                             0x08000285   Thumb Code     0  llushr.o(.text)
    __scatterload                            0x080002a5   Thumb Code    28  init.o(.text)
    __scatterload_rt2                        0x080002a5   Thumb Code     0  init.o(.text)
    BusFault_Handler                         0x080002c9   Thumb Code     2  stm32f4xx_it.o(i.BusFault_Handler)
    DebugMon_Handler                         0x080002dd   Thumb Code     2  stm32f4xx_it.o(i.DebugMon_Handler)
    FATFS_LinkDriver                         0x080002df   Thumb Code     6  ff_gen_drv.o(i.FATFS_LinkDriver)
    FATFS_LinkDriverEx                       0x080002e5   Thumb Code    58  ff_gen_drv.o(i.FATFS_LinkDriverEx)
    HAL_Delay                                0x08000325   Thumb Code    32  stm32f4xx_hal.o(i.HAL_Delay)
    HAL_GPIO_Init                            0x08000349   Thumb Code   388  stm32f4xx_hal_gpio.o(i.HAL_GPIO_Init)
    HAL_GPIO_WritePin                        0x080004f9   Thumb Code    10  stm32f4xx_hal_gpio.o(i.HAL_GPIO_WritePin)
    HAL_GetTick                              0x08000505   Thumb Code     6  stm32f4xx_hal.o(i.HAL_GetTick)
    HAL_IncTick                              0x08000511   Thumb Code    12  stm32f4xx_hal.o(i.HAL_IncTick)
    HAL_Init                                 0x08000521   Thumb Code    48  stm32f4xx_hal.o(i.HAL_Init)
    HAL_InitTick                             0x08000555   Thumb Code    54  stm32f4xx_hal.o(i.HAL_InitTick)
    HAL_MspInit                              0x08000595   Thumb Code    42  stm32f4xx_hal_msp.o(i.HAL_MspInit)
    HAL_NVIC_SetPriority                     0x080005c5   Thumb Code    60  stm32f4xx_hal_cortex.o(i.HAL_NVIC_SetPriority)
    HAL_NVIC_SetPriorityGrouping             0x08000605   Thumb Code    26  stm32f4xx_hal_cortex.o(i.HAL_NVIC_SetPriorityGrouping)
    HAL_RCC_ClockConfig                      0x08000629   Thumb Code   286  stm32f4xx_hal_rcc.o(i.HAL_RCC_ClockConfig)
    HAL_RCC_GetPCLK1Freq                     0x08000759   Thumb Code    20  stm32f4xx_hal_rcc.o(i.HAL_RCC_GetPCLK1Freq)
    HAL_RCC_GetPCLK2Freq                     0x08000779   Thumb Code    20  stm32f4xx_hal_rcc.o(i.HAL_RCC_GetPCLK2Freq)
    HAL_RCC_GetSysClockFreq                  0x08000799   Thumb Code    88  stm32f4xx_hal_rcc.o(i.HAL_RCC_GetSysClockFreq)
    HAL_RCC_OscConfig                        0x080007fd   Thumb Code   770  stm32f4xx_hal_rcc.o(i.HAL_RCC_OscConfig)
    HAL_SPI_GetState                         0x08000b19   Thumb Code     6  stm32f4xx_hal_spi.o(i.HAL_SPI_GetState)
    HAL_SPI_Init                             0x08000b1f   Thumb Code   128  stm32f4xx_hal_spi.o(i.HAL_SPI_Init)
    HAL_SPI_MspInit                          0x08000ba1   Thumb Code    94  stm32f4xx_hal_msp.o(i.HAL_SPI_MspInit)
    HAL_SPI_Transmit                         0x08000c0d   Thumb Code   348  stm32f4xx_hal_spi.o(i.HAL_SPI_Transmit)
    HAL_SPI_TransmitReceive                  0x08000d69   Thumb Code   482  stm32f4xx_hal_spi.o(i.HAL_SPI_TransmitReceive)
    HAL_SYSTICK_Config                       0x08000f4b   Thumb Code    40  stm32f4xx_hal_cortex.o(i.HAL_SYSTICK_Config)
    HAL_UART_Init                            0x08000f73   Thumb Code    98  stm32f4xx_hal_uart.o(i.HAL_UART_Init)
    HAL_UART_MspInit                         0x08000fd5   Thumb Code    90  stm32f4xx_hal_msp.o(i.HAL_UART_MspInit)
    HAL_UART_Transmit                        0x0800103d   Thumb Code   186  stm32f4xx_hal_uart.o(i.HAL_UART_Transmit)
    HardFault_Handler                        0x080010f7   Thumb Code     2  stm32f4xx_it.o(i.HardFault_Handler)
    MX_FATFS_Init                            0x080010f9   Thumb Code    18  fatfs.o(i.MX_FATFS_Init)
    MemManage_Handler                        0x080011a9   Thumb Code     2  stm32f4xx_it.o(i.MemManage_Handler)
    NMI_Handler                              0x080011ab   Thumb Code     2  stm32f4xx_it.o(i.NMI_Handler)
    PendSV_Handler                           0x080011ad   Thumb Code     2  stm32f4xx_it.o(i.PendSV_Handler)
    SDTimer_Handler                          0x080011b1   Thumb Code    26  stm32f4xx_it.o(i.SDTimer_Handler)
    SD_disk_initialize                       0x0800138d   Thumb Code   304  fatfs_sd.o(i.SD_disk_initialize)
    SD_disk_ioctl                            0x080014c5   Thumb Code   318  fatfs_sd.o(i.SD_disk_ioctl)
    SD_disk_read                             0x08001609   Thumb Code   146  fatfs_sd.o(i.SD_disk_read)
    SD_disk_status                           0x080016a1   Thumb Code    12  fatfs_sd.o(i.SD_disk_status)
    SD_disk_write                            0x080016b1   Thumb Code   178  fatfs_sd.o(i.SD_disk_write)
    SVC_Handler                              0x08001881   Thumb Code     2  stm32f4xx_it.o(i.SVC_Handler)
    SysTick_Handler                          0x08001885   Thumb Code    32  stm32f4xx_it.o(i.SysTick_Handler)
    SystemClock_Config                       0x080018a9   Thumb Code   124  main.o(i.SystemClock_Config)
    SystemInit                               0x0800192d   Thumb Code    66  system_stm32f4xx.o(i.SystemInit)
    USER_initialize                          0x08001c91   Thumb Code    10  user_diskio.o(i.USER_initialize)
    USER_ioctl                               0x08001ca1   Thumb Code     4  user_diskio.o(i.USER_ioctl)
    USER_read                                0x08001ca5   Thumb Code     4  user_diskio.o(i.USER_read)
    USER_status                              0x08001ca9   Thumb Code    10  user_diskio.o(i.USER_status)
    USER_write                               0x08001cb9   Thumb Code     4  user_diskio.o(i.USER_write)
    UsageFault_Handler                       0x08001cbd   Thumb Code     2  stm32f4xx_it.o(i.UsageFault_Handler)
    __scatterload_copy                       0x08001cdf   Thumb Code    14  handlers.o(i.__scatterload_copy)
    __scatterload_null                       0x08001ced   Thumb Code     2  handlers.o(i.__scatterload_null)
    __scatterload_zeroinit                   0x08001cef   Thumb Code    14  handlers.o(i.__scatterload_zeroinit)
    bufsize                                  0x08001cfd   Thumb Code    18  main.o(i.bufsize)
    disk_initialize                          0x0800220d   Thumb Code     4  diskio.o(i.disk_initialize)
    disk_ioctl                               0x08002211   Thumb Code     4  diskio.o(i.disk_ioctl)
    disk_read                                0x08002215   Thumb Code     4  diskio.o(i.disk_read)
    disk_status                              0x08002219   Thumb Code     4  diskio.o(i.disk_status)
    disk_write                               0x0800221d   Thumb Code     4  diskio.o(i.disk_write)
    f_close                                  0x08002221   Thumb Code    40  ff.o(i.f_close)
    f_mount                                  0x08002249   Thumb Code    84  ff.o(i.f_mount)
    f_open                                   0x080022a1   Thumb Code   520  ff.o(i.f_open)
    f_read                                   0x080024ad   Thumb Code   338  ff.o(i.f_read)
    f_sync                                   0x080025ff   Thumb Code   142  ff.o(i.f_sync)
    f_write                                  0x0800268d   Thumb Code   398  ff.o(i.f_write)
    get_fattime                              0x08002ba3   Thumb Code     4  fatfs.o(i.get_fattime)
    main                                     0x08002cad   Thumb Code   236  main.o(i.main)
    send_uart                                0x08002fd1   Thumb Code    26  main.o(i.send_uart)
    AHBPrescTable                            0x0800313e   Data          16  system_stm32f4xx.o(.constdata)
    APBPrescTable                            0x0800314e   Data           8  system_stm32f4xx.o(.constdata)
    Region$$Table$$Base                      0x08003244   Number         0  anon$$obj.o(Region$$Table)
    Region$$Table$$Limit                     0x08003264   Number         0  anon$$obj.o(Region$$Table)
    fresult                                  0x20000004   Data           1  main.o(.data)
    br                                       0x20000008   Data           4  main.o(.data)
    bw                                       0x2000000c   Data           4  main.o(.data)
    USER_Driver                              0x20000014   Data          20  user_diskio.o(.data)
    retUSER                                  0x20000028   Data           1  fatfs.o(.data)
    USERPath                                 0x20000029   Data           4  fatfs.o(.data)
    FatFsCnt                                 0x2000002d   Data           1  stm32f4xx_it.o(.data)
    Timer1                                   0x2000002e   Data           1  stm32f4xx_it.o(.data)
    Timer2                                   0x2000002f   Data           1  stm32f4xx_it.o(.data)
    uwTickFreq                               0x20000030   Data           1  stm32f4xx_hal.o(.data)
    uwTickPrio                               0x20000034   Data           4  stm32f4xx_hal.o(.data)
    uwTick                                   0x20000038   Data           4  stm32f4xx_hal.o(.data)
    SystemCoreClock                          0x2000003c   Data           4  system_stm32f4xx.o(.data)
    Fatfs                                    0x20000048   Data         560  main.o(.bss)
    fil                                      0x20000278   Data         560  main.o(.bss)
    buffer                                   0x200004a8   Data        1024  main.o(.bss)
    huart4                                   0x200008a8   Data          64  main.o(.bss)
    hspi2                                    0x200008e8   Data          88  main.o(.bss)
    disk                                     0x20000960   Data          12  ff_gen_drv.o(.bss)
    __initial_sp                             0x20000d70   Data           0  startup_stm32f407xx.o(STACK)



==============================================================================

Memory Map of the image

  Image Entry point : 0x08000189

  Load Region LR_IROM1 (Base: 0x08000000, Size: 0x000032ac, Max: 0x00100000, ABSOLUTE)

    Execution Region ER_IROM1 (Exec base: 0x08000000, Load base: 0x08000000, Size: 0x00003264, Max: 0x00100000, ABSOLUTE)

    Exec Addr    Load Addr    Size         Type   Attr      Idx    E Section Name        Object

    0x08000000   0x08000000   0x00000188   Data   RO            3    RESET               startup_stm32f407xx.o
    0x08000188   0x08000188   0x00000000   Code   RO         2851  * .ARM.Collect$$$$00000000  mc_w.l(entry.o)
    0x08000188   0x08000188   0x00000004   Code   RO         2862    .ARM.Collect$$$$00000001  mc_w.l(entry2.o)
    0x0800018c   0x0800018c   0x00000004   Code   RO         2865    .ARM.Collect$$$$00000004  mc_w.l(entry5.o)
    0x08000190   0x08000190   0x00000000   Code   RO         2867    .ARM.Collect$$$$00000008  mc_w.l(entry7b.o)
    0x08000190   0x08000190   0x00000000   Code   RO         2869    .ARM.Collect$$$$0000000A  mc_w.l(entry8b.o)
    0x08000190   0x08000190   0x00000008   Code   RO         2870    .ARM.Collect$$$$0000000B  mc_w.l(entry9a.o)
    0x08000198   0x08000198   0x00000000   Code   RO         2872    .ARM.Collect$$$$0000000D  mc_w.l(entry10a.o)
    0x08000198   0x08000198   0x00000000   Code   RO         2874    .ARM.Collect$$$$0000000F  mc_w.l(entry11a.o)
    0x08000198   0x08000198   0x00000004   Code   RO         2863    .ARM.Collect$$$$00002712  mc_w.l(entry2.o)
    0x0800019c   0x0800019c   0x00000024   Code   RO            4    .text               startup_stm32f407xx.o
    0x080001c0   0x080001c0   0x00000062   Code   RO         2854    .text               mc_w.l(uldiv.o)
    0x08000222   0x08000222   0x00000024   Code   RO         2856    .text               mc_w.l(memseta.o)
    0x08000246   0x08000246   0x0000000e   Code   RO         2858    .text               mc_w.l(strlen.o)
    0x08000254   0x08000254   0x00000012   Code   RO         2860    .text               mc_w.l(strcpy.o)
    0x08000266   0x08000266   0x0000001e   Code   RO         2876    .text               mc_w.l(llshl.o)
    0x08000284   0x08000284   0x00000020   Code   RO         2878    .text               mc_w.l(llushr.o)
    0x080002a4   0x080002a4   0x00000024   Code   RO         2880    .text               mc_w.l(init.o)
    0x080002c8   0x080002c8   0x00000002   Code   RO          407    i.BusFault_Handler  stm32f4xx_it.o
    0x080002ca   0x080002ca   0x00000002   PAD
    0x080002cc   0x080002cc   0x00000010   Code   RO           13    i.DESELECT          fatfs_sd.o
    0x080002dc   0x080002dc   0x00000002   Code   RO          408    i.DebugMon_Handler  stm32f4xx_it.o
    0x080002de   0x080002de   0x00000006   Code   RO         2777    i.FATFS_LinkDriver  ff_gen_drv.o
    0x080002e4   0x080002e4   0x00000040   Code   RO         2778    i.FATFS_LinkDriverEx  ff_gen_drv.o
    0x08000324   0x08000324   0x00000024   Code   RO         1420    i.HAL_Delay         stm32f4xx_hal.o
    0x08000348   0x08000348   0x000001b0   Code   RO          894    i.HAL_GPIO_Init     stm32f4xx_hal_gpio.o
    0x080004f8   0x080004f8   0x0000000a   Code   RO          898    i.HAL_GPIO_WritePin  stm32f4xx_hal_gpio.o
    0x08000502   0x08000502   0x00000002   PAD
    0x08000504   0x08000504   0x0000000c   Code   RO         1426    i.HAL_GetTick       stm32f4xx_hal.o
    0x08000510   0x08000510   0x00000010   Code   RO         1432    i.HAL_IncTick       stm32f4xx_hal.o
    0x08000520   0x08000520   0x00000034   Code   RO         1433    i.HAL_Init          stm32f4xx_hal.o
    0x08000554   0x08000554   0x00000040   Code   RO         1434    i.HAL_InitTick      stm32f4xx_hal.o
    0x08000594   0x08000594   0x00000030   Code   RO          491    i.HAL_MspInit       stm32f4xx_hal_msp.o
    0x080005c4   0x080005c4   0x00000040   Code   RO         1289    i.HAL_NVIC_SetPriority  stm32f4xx_hal_cortex.o
    0x08000604   0x08000604   0x00000024   Code   RO         1290    i.HAL_NVIC_SetPriorityGrouping  stm32f4xx_hal_cortex.o
    0x08000628   0x08000628   0x00000130   Code   RO          540    i.HAL_RCC_ClockConfig  stm32f4xx_hal_rcc.o
    0x08000758   0x08000758   0x00000020   Code   RO          547    i.HAL_RCC_GetPCLK1Freq  stm32f4xx_hal_rcc.o
    0x08000778   0x08000778   0x00000020   Code   RO          548    i.HAL_RCC_GetPCLK2Freq  stm32f4xx_hal_rcc.o
    0x08000798   0x08000798   0x00000064   Code   RO          549    i.HAL_RCC_GetSysClockFreq  stm32f4xx_hal_rcc.o
    0x080007fc   0x080007fc   0x0000031c   Code   RO          552    i.HAL_RCC_OscConfig  stm32f4xx_hal_rcc.o
    0x08000b18   0x08000b18   0x00000006   Code   RO         1677    i.HAL_SPI_GetState  stm32f4xx_hal_spi.o
    0x08000b1e   0x08000b1e   0x00000080   Code   RO         1679    i.HAL_SPI_Init      stm32f4xx_hal_spi.o
    0x08000b9e   0x08000b9e   0x00000002   PAD
    0x08000ba0   0x08000ba0   0x0000006c   Code   RO          493    i.HAL_SPI_MspInit   stm32f4xx_hal_msp.o
    0x08000c0c   0x08000c0c   0x0000015c   Code   RO         1687    i.HAL_SPI_Transmit  stm32f4xx_hal_spi.o
    0x08000d68   0x08000d68   0x000001e2   Code   RO         1688    i.HAL_SPI_TransmitReceive  stm32f4xx_hal_spi.o
    0x08000f4a   0x08000f4a   0x00000028   Code   RO         1294    i.HAL_SYSTICK_Config  stm32f4xx_hal_cortex.o
    0x08000f72   0x08000f72   0x00000062   Code   RO         2051    i.HAL_UART_Init     stm32f4xx_hal_uart.o
    0x08000fd4   0x08000fd4   0x00000068   Code   RO          495    i.HAL_UART_MspInit  stm32f4xx_hal_msp.o
    0x0800103c   0x0800103c   0x000000ba   Code   RO         2059    i.HAL_UART_Transmit  stm32f4xx_hal_uart.o
    0x080010f6   0x080010f6   0x00000002   Code   RO          409    i.HardFault_Handler  stm32f4xx_it.o
    0x080010f8   0x080010f8   0x0000001c   Code   RO          369    i.MX_FATFS_Init     fatfs.o
    0x08001114   0x08001114   0x00000060   Code   RO          209    i.MX_GPIO_Init      main.o
    0x08001174   0x08001174   0x00000034   Code   RO          210    i.MX_SPI2_Init      main.o
    0x080011a8   0x080011a8   0x00000002   Code   RO          410    i.MemManage_Handler  stm32f4xx_it.o
    0x080011aa   0x080011aa   0x00000002   Code   RO          411    i.NMI_Handler       stm32f4xx_it.o
    0x080011ac   0x080011ac   0x00000002   Code   RO          412    i.PendSV_Handler    stm32f4xx_it.o
    0x080011ae   0x080011ae   0x00000002   PAD
    0x080011b0   0x080011b0   0x00000020   Code   RO          413    i.SDTimer_Handler   stm32f4xx_it.o
    0x080011d0   0x080011d0   0x00000070   Code   RO           14    i.SD_PowerOn        fatfs_sd.o
    0x08001240   0x08001240   0x00000020   Code   RO           15    i.SD_ReadyWait      fatfs_sd.o
    0x08001260   0x08001260   0x00000050   Code   RO           16    i.SD_RxDataBlock    fatfs_sd.o
    0x080012b0   0x080012b0   0x0000006e   Code   RO           17    i.SD_SendCmd        fatfs_sd.o
    0x0800131e   0x0800131e   0x00000002   PAD
    0x08001320   0x08001320   0x0000006a   Code   RO           18    i.SD_TxDataBlock    fatfs_sd.o
    0x0800138a   0x0800138a   0x00000002   PAD
    0x0800138c   0x0800138c   0x00000138   Code   RO           19    i.SD_disk_initialize  fatfs_sd.o
    0x080014c4   0x080014c4   0x00000144   Code   RO           20    i.SD_disk_ioctl     fatfs_sd.o
    0x08001608   0x08001608   0x00000098   Code   RO           21    i.SD_disk_read      fatfs_sd.o
    0x080016a0   0x080016a0   0x00000010   Code   RO           22    i.SD_disk_status    fatfs_sd.o
    0x080016b0   0x080016b0   0x000000b8   Code   RO           23    i.SD_disk_write     fatfs_sd.o
    0x08001768   0x08001768   0x00000010   Code   RO           24    i.SELECT            fatfs_sd.o
    0x08001778   0x08001778   0x00000020   Code   RO         1717    i.SPI_EndRxTxTransaction  stm32f4xx_hal_spi.o
    0x08001798   0x08001798   0x00000034   Code   RO           25    i.SPI_RxByte        fatfs_sd.o
    0x080017cc   0x080017cc   0x00000020   Code   RO           26    i.SPI_TxByte        fatfs_sd.o
    0x080017ec   0x080017ec   0x00000094   Code   RO         1722    i.SPI_WaitFlagStateUntilTimeout  stm32f4xx_hal_spi.o
    0x08001880   0x08001880   0x00000002   Code   RO          414    i.SVC_Handler       stm32f4xx_it.o
    0x08001882   0x08001882   0x00000002   PAD
    0x08001884   0x08001884   0x00000024   Code   RO          415    i.SysTick_Handler   stm32f4xx_it.o
    0x080018a8   0x080018a8   0x00000084   Code   RO          211    i.SystemClock_Config  main.o
    0x0800192c   0x0800192c   0x00000054   Code   RO         2353    i.SystemInit        system_stm32f4xx.o
    0x08001980   0x08001980   0x000002ac   Code   RO         2077    i.UART_SetConfig    stm32f4xx_hal_uart.o
    0x08001c2c   0x08001c2c   0x00000064   Code   RO         2079    i.UART_WaitOnFlagUntilTimeout  stm32f4xx_hal_uart.o
    0x08001c90   0x08001c90   0x00000010   Code   RO          308    i.USER_initialize   user_diskio.o
    0x08001ca0   0x08001ca0   0x00000004   Code   RO          309    i.USER_ioctl        user_diskio.o
    0x08001ca4   0x08001ca4   0x00000004   Code   RO          310    i.USER_read         user_diskio.o
    0x08001ca8   0x08001ca8   0x00000010   Code   RO          311    i.USER_status       user_diskio.o
    0x08001cb8   0x08001cb8   0x00000004   Code   RO          312    i.USER_write        user_diskio.o
    0x08001cbc   0x08001cbc   0x00000002   Code   RO          416    i.UsageFault_Handler  stm32f4xx_it.o
    0x08001cbe   0x08001cbe   0x00000020   Code   RO         1296    i.__NVIC_SetPriority  stm32f4xx_hal_cortex.o
    0x08001cde   0x08001cde   0x0000000e   Code   RO         2884    i.__scatterload_copy  mc_w.l(handlers.o)
    0x08001cec   0x08001cec   0x00000002   Code   RO         2885    i.__scatterload_null  mc_w.l(handlers.o)
    0x08001cee   0x08001cee   0x0000000e   Code   RO         2886    i.__scatterload_zeroinit  mc_w.l(handlers.o)
    0x08001cfc   0x08001cfc   0x00000012   Code   RO          213    i.bufsize           main.o
    0x08001d0e   0x08001d0e   0x00000002   PAD
    0x08001d10   0x08001d10   0x00000070   Code   RO         2445    i.check_fs          ff.o
    0x08001d80   0x08001d80   0x0000005c   Code   RO         2446    i.chk_lock          ff.o
    0x08001ddc   0x08001ddc   0x00000020   Code   RO         2447    i.clear_lock        ff.o
    0x08001dfc   0x08001dfc   0x00000024   Code   RO         2448    i.clmt_clust        ff.o
    0x08001e20   0x08001e20   0x00000018   Code   RO         2449    i.clust2sect        ff.o
    0x08001e38   0x08001e38   0x000000a4   Code   RO         2450    i.create_chain      ff.o
    0x08001edc   0x08001edc   0x000000bc   Code   RO         2451    i.create_name       ff.o
    0x08001f98   0x08001f98   0x00000034   Code   RO         2452    i.dec_lock          ff.o
    0x08001fcc   0x08001fcc   0x00000064   Code   RO         2453    i.dir_find          ff.o
    0x08002030   0x08002030   0x000000f4   Code   RO         2454    i.dir_next          ff.o
    0x08002124   0x08002124   0x00000066   Code   RO         2456    i.dir_register      ff.o
    0x0800218a   0x0800218a   0x00000082   Code   RO         2458    i.dir_sdi           ff.o
    0x0800220c   0x0800220c   0x00000004   Code   RO         2390    i.disk_initialize   diskio.o
    0x08002210   0x08002210   0x00000004   Code   RO         2391    i.disk_ioctl        diskio.o
    0x08002214   0x08002214   0x00000004   Code   RO         2392    i.disk_read         diskio.o
    0x08002218   0x08002218   0x00000004   Code   RO         2393    i.disk_status       diskio.o
    0x0800221c   0x0800221c   0x00000004   Code   RO         2394    i.disk_write        diskio.o
    0x08002220   0x08002220   0x00000028   Code   RO         2459    i.f_close           ff.o
    0x08002248   0x08002248   0x00000058   Code   RO         2466    i.f_mount           ff.o
    0x080022a0   0x080022a0   0x0000020c   Code   RO         2467    i.f_open            ff.o
    0x080024ac   0x080024ac   0x00000152   Code   RO         2472    i.f_read            ff.o
    0x080025fe   0x080025fe   0x0000008e   Code   RO         2476    i.f_sync            ff.o
    0x0800268c   0x0800268c   0x0000018e   Code   RO         2479    i.f_write           ff.o
    0x0800281a   0x0800281a   0x00000002   PAD
    0x0800281c   0x0800281c   0x00000254   Code   RO         2480    i.find_volume       ff.o
    0x08002a70   0x08002a70   0x00000074   Code   RO         2481    i.follow_path       ff.o
    0x08002ae4   0x08002ae4   0x000000be   Code   RO         2482    i.get_fat           ff.o
    0x08002ba2   0x08002ba2   0x00000004   Code   RO          370    i.get_fattime       fatfs.o
    0x08002ba6   0x08002ba6   0x0000003c   Code   RO         2484    i.get_ldnumber      ff.o
    0x08002be2   0x08002be2   0x00000002   PAD
    0x08002be4   0x08002be4   0x00000080   Code   RO         2485    i.inc_lock          ff.o
    0x08002c64   0x08002c64   0x00000026   Code   RO         2486    i.ld_clust          ff.o
    0x08002c8a   0x08002c8a   0x00000016   Code   RO         2487    i.ld_dword          ff.o
    0x08002ca0   0x08002ca0   0x0000000a   Code   RO         2488    i.ld_word           ff.o
    0x08002caa   0x08002caa   0x00000002   PAD
    0x08002cac   0x08002cac   0x00000170   Code   RO          214    i.main              main.o
    0x08002e1c   0x08002e1c   0x00000012   Code   RO         2489    i.mem_cpy           ff.o
    0x08002e2e   0x08002e2e   0x00000002   PAD
    0x08002e30   0x08002e30   0x0000000e   Code   RO         2490    i.mem_set           ff.o
    0x08002e3e   0x08002e3e   0x00000032   Code   RO         2491    i.move_window       ff.o
    0x08002e70   0x08002e70   0x000000ea   Code   RO         2492    i.put_fat           ff.o
    0x08002f5a   0x08002f5a   0x00000074   Code   RO         2495    i.remove_chain      ff.o
    0x08002fce   0x08002fce   0x00000002   PAD
    0x08002fd0   0x08002fd0   0x00000020   Code   RO          215    i.send_uart         main.o
    0x08002ff0   0x08002ff0   0x00000028   Code   RO         2496    i.st_clust          ff.o
    0x08003018   0x08003018   0x00000010   Code   RO         2497    i.st_dword          ff.o
    0x08003028   0x08003028   0x00000008   Code   RO         2498    i.st_word           ff.o
    0x08003030   0x08003030   0x00000088   Code   RO         2499    i.sync_fs           ff.o
    0x080030b8   0x080030b8   0x00000052   Code   RO         2500    i.sync_window       ff.o
    0x0800310a   0x0800310a   0x00000034   Code   RO         2501    i.validate          ff.o
    0x0800313e   0x0800313e   0x00000010   Data   RO         2354    .constdata          system_stm32f4xx.o
    0x0800314e   0x0800314e   0x00000008   Data   RO         2355    .constdata          system_stm32f4xx.o
    0x08003156   0x08003156   0x0000009c   Data   RO         2503    .constdata          ff.o
    0x080031f2   0x080031f2   0x00000002   PAD
    0x080031f4   0x080031f4   0x0000004d   Data   RO          217    .conststring        main.o
    0x08003241   0x08003241   0x00000003   PAD
    0x08003244   0x08003244   0x00000020   Data   RO         2882    Region$$Table       anon$$obj.o


    Execution Region RW_IRAM2 (Exec base: 0x10000000, Load base: 0x080032ac, Size: 0x00000000, Max: 0x00010000, ABSOLUTE)

    **** No section assigned to this execution region ****


    Execution Region RW_IRAM1 (Exec base: 0x20000000, Load base: 0x08003264, Size: 0x00000d70, Max: 0x00020000, ABSOLUTE)

    Exec Addr    Load Addr    Size         Type   Attr      Idx    E Section Name        Object

    0x20000000   0x08003264   0x00000003   Data   RW           27    .data               fatfs_sd.o
    0x20000003   0x08003267   0x00000001   PAD
    0x20000004   0x08003268   0x0000000c   Data   RW          218    .data               main.o
    0x20000010   0x08003274   0x00000001   Data   RW          313    .data               user_diskio.o
    0x20000011   0x08003275   0x00000003   PAD
    0x20000014   0x08003278   0x00000014   Data   RW          314    .data               user_diskio.o
    0x20000028   0x0800328c   0x00000005   Data   RW          373    .data               fatfs.o
    0x2000002d   0x08003291   0x00000003   Data   RW          417    .data               stm32f4xx_it.o
    0x20000030   0x08003294   0x0000000c   Data   RW         1440    .data               stm32f4xx_hal.o
    0x2000003c   0x080032a0   0x00000004   Data   RW         2356    .data               system_stm32f4xx.o
    0x20000040   0x080032a4   0x00000008   Data   RW         2504    .data               ff.o
    0x20000048        -       0x000008f8   Zero   RW          216    .bss                main.o
    0x20000940        -       0x00000020   Zero   RW         2502    .bss                ff.o
    0x20000960        -       0x0000000c   Zero   RW         2781    .bss                ff_gen_drv.o
    0x2000096c   0x080032ac   0x00000004   PAD
    0x20000970        -       0x00000400   Zero   RW            1    STACK               startup_stm32f407xx.o


==============================================================================

Image component sizes


      Code (inc. data)   RO Data    RW Data    ZI Data      Debug   Object Name

        20          0          0          0          0       3525   diskio.o
        32         10          0          5          0       1524   fatfs.o
      1544         60          0          3          0     679995   fatfs_sd.o
      4732         80        156          8         32      39786   ff.o
        70          6          0          0         12       1663   ff_gen_drv.o
       698        164         77         12       2296       7647   main.o
        36          8        392          0       1024        848   startup_stm32f407xx.o
       180         28          0         12          0       4649   stm32f4xx_hal.o
       172         14          0          0          0      33306   stm32f4xx_hal_cortex.o
       442         44          0          0          0       2456   stm32f4xx_hal_gpio.o
       260         34          0          0          0       2307   stm32f4xx_hal_msp.o
      1264         80          0          0          0       5212   stm32f4xx_hal_rcc.o
      1144          0          0          0          0       6823   stm32f4xx_hal_spi.o
      1068          8          0          0          0       4156   stm32f4xx_hal_uart.o
        84         10          0          3          0       5329   stm32f4xx_it.o
        84         18         24          4          0       1191   system_stm32f4xx.o
        44         12          0         21          0       3196   user_diskio.o

    ----------------------------------------------------------------------
     11900        576        686         72       3368     803613   Object Totals
         0          0         32          0          0          0   (incl. Generated)
        26          0          5          4          4          0   (incl. Padding)

    ----------------------------------------------------------------------

      Code (inc. data)   RO Data    RW Data    ZI Data      Debug   Library Member Name

         0          0          0          0          0          0   entry.o
         0          0          0          0          0          0   entry10a.o
         0          0          0          0          0          0   entry11a.o
         8          4          0          0          0          0   entry2.o
         4          0          0          0          0          0   entry5.o
         0          0          0          0          0          0   entry7b.o
         0          0          0          0          0          0   entry8b.o
         8          4          0          0          0          0   entry9a.o
        30          0          0          0          0          0   handlers.o
        36          8          0          0          0         68   init.o
        30          0          0          0          0         68   llshl.o
        32          0          0          0          0         68   llushr.o
        36          0          0          0          0        108   memseta.o
        18          0          0          0          0         68   strcpy.o
        14          0          0          0          0         68   strlen.o
        98          0          0          0          0         92   uldiv.o

    ----------------------------------------------------------------------
       314         16          0          0          0        540   Library Totals
         0          0          0          0          0          0   (incl. Padding)

    ----------------------------------------------------------------------

      Code (inc. data)   RO Data    RW Data    ZI Data      Debug   Library Name

       314         16          0          0          0        540   mc_w.l

    ----------------------------------------------------------------------
       314         16          0          0          0        540   Library Totals

    ----------------------------------------------------------------------

==============================================================================


      Code (inc. data)   RO Data    RW Data    ZI Data      Debug   

     12214        592        686         72       3368     793901   Grand Totals
     12214        592        686         72       3368     793901   ELF Image Totals
     12214        592        686         72          0          0   ROM Totals

==============================================================================

    Total RO  Size (Code + RO Data)                12900 (  12.60kB)
    Total RW  Size (RW Data + ZI Data)              3440 (   3.36kB)
    Total ROM Size (Code + RO Data + RW Data)      12972 (  12.67kB)

==============================================================================

